[     120ms] [INFO] %cDownload the React DevTools for a better development experience: https://reactjs.org/link/react-devtools font-weight:bold @ http://localhost:5174/node_modules/.vite/deps/chunk-YQ5BCTVV.js?v=008470e5:21608
[     333ms] [ERROR] Failed to load resource: the server responded with a status of 404 (Not Found) @ http://localhost:5174/favicon.ico:0
[   14733ms] [WARNING] Allow attribute will take precedence over 'allowfullscreen'. @ http://localhost:5174/node_modules/.vite/deps/chunk-YQ5BCTVV.js?v=008470e5:1270
[   15972ms] [LOG] Running frontend commit de8a4b1632de02d5e33458ee8dac422560c6fa9a @ https://www.figma.com/embed/interstitial?embed_host=share&embed_path=%2Fdesign%2FXOm6kAlJGKycxB0oTpoKmO%2FDirectPass-Team-2--Copy-%3Fembed-host%3Dshare%26kind%3Dfile%26node-id%3D810-2917%26page-selector%3D1%26theme%3Dlight%26version%3D2%26viewer%3D1&theme=light&version=2:491
[   16576ms] [LOG] Reloading the embed... reason: refreshOnReadyForEmbed @ https://www.figma.com/webpack-artifacts/assets/embed_interstitial-0ea667e91b3ed320.min.js.br:108
[   17292ms] [LOG] Running frontend commit de8a4b1632de02d5e33458ee8dac422560c6fa9a @ https://www.figma.com/design/XOm6kAlJGKycxB0oTpoKmO/DirectPass-Team-2--Copy-?embed-host=share&kind=file&node-id=810-2917&page-selector=1&theme=light&version=2&viewer=1:491
[   18029ms] [WARNING] Statsig is not ready to log exposures, will retry in 1 seconds @ https://www.figma.com/webpack-artifacts/assets/embed_viewer-d477aeec8a24f57d.min.js.br:4574
[   18367ms] [ERROR] Failed to load resource: the server responded with a status of 401 () @ https://www.figma.com/api/statsig/v1_ruleset:0
[   18368ms] [ERROR] Failed to fetch v1 ruleset: H: XHR for "/api/statsig/v1_ruleset" failed with status 401
    at J (https://www.figma.com/webpack-artifacts/assets/embed_viewer-d477aeec8a24f57d.min.js.br:2886:17290)
    at async Object.Q [as get] (https://www.figma.com/webpack-artifacts/assets/embed_viewer-d477aeec8a24f57d.min.js.br:2886:17691)
    at async https://www.figma.com/webpack-artifacts/assets/embed_viewer-d477aeec8a24f57d.min.js.br:2835:254863
    at async k.validate (https://www.figma.com/webpack-artifacts/assets/embed_viewer-d477aeec8a24f57d.min.js.br:2866:1135)
    at async F (https://www.figma.com/webpack-artifacts/assets/embed_viewer-d477aeec8a24f57d.min.js.br:2864:145027)
    at async N (https://www.figma.com/webpack-artifacts/assets/embed_viewer-d477aeec8a24f57d.min.js.br:2864:144231)
    at async Object.write (https://www.figma.com/webpack-artifacts/assets/embed_viewer-d477aeec8a24f57d.min.js.br:2864:143850) @ https://www.figma.com/webpack-artifacts/assets/embed_viewer-d477aeec8a24f57d.min.js.br:4574
[   18548ms] [INFO] [Fullscreen] Booting... (emscripten version 4.0.21) @ https://www.figma.com/webpack-artifacts/assets/embed_viewer-d477aeec8a24f57d.min.js.br:4574
[   18614ms] [INFO] [GPU] graphicsAPI:"WebGL 2", vendor:"Google Inc. (Apple)", renderer:"ANGLE (Apple, ANGLE Metal Renderer: Apple M3 Max, Unspecified Version)" version:"OpenGL ES 3.0 (WebGL 2.0 (OpenGL ES 3.0 Chromium))" @ https://www.figma.com/webpack-artifacts/assets/embed_viewer-d477aeec8a24f57d.min.js.br:4574
[   18617ms] [LOG] [Fullscreen] Mobile File Viewer Ready in 263.5ms @ https://www.figma.com/webpack-artifacts/assets/embed_viewer-d477aeec8a24f57d.min.js.br:4574
[   18661ms] [INFO] [MultiplayerSession] connecting to wss://www.figma.com/api/multiplayer/XOm6kAlJGKycxB0oTpoKmO?role=viewerWithCpp&tracking_session_id=JEwdymoINGBTkIkl&version=186&recentReload=0&file-load-streaming-compression&scenegraph-queries-initial-nodes=810:2917&client_release=de8a4b1632de02d5e33458ee8dac422560c6fa9a @ https://www.figma.com/webpack-artifacts/assets/embed_viewer-d477aeec8a24f57d.min.js.br:4574
[   18662ms] [LOG] Finished initializing mobile cpp viewer design @ https://www.figma.com/webpack-artifacts/assets/embed_viewer-d477aeec8a24f57d.min.js.br:4574
[   19753ms] [INFO] [MultiplayerSession] Joining file version 106 (initial load) @ https://www.figma.com/webpack-artifacts/assets/embed_viewer-d477aeec8a24f57d.min.js.br:4574
[   20082ms] [INFO] afterJoinEnd PageSyncing: Loaded incrementally {loaded_pages: 810:2916} @ https://www.figma.com/webpack-artifacts/assets/embed_viewer-d477aeec8a24f57d.min.js.br:4574
[   97703ms] [WARNING] WebGL: CONTEXT_LOST_WEBGL: loseContext: context lost @ http://localhost:5174/:0
[   97703ms] [LOG] THREE.WebGLRenderer: Context Lost. @ http://localhost:5174/node_modules/.vite/deps/three.js?v=008470e5:273
[   98721ms] [LOG] THREE.WebGLRenderer: Context Restored. @ http://localhost:5174/node_modules/.vite/deps/three.js?v=008470e5:273
[  149936ms] [WARNING] WebGL: CONTEXT_LOST_WEBGL: loseContext: context lost @ http://localhost:5174/:0
[  149936ms] [LOG] THREE.WebGLRenderer: Context Lost. @ http://localhost:5174/node_modules/.vite/deps/three.js?v=008470e5:273
[ 2059935ms] [LOG] Running frontend commit de8a4b1632de02d5e33458ee8dac422560c6fa9a @ https://www.figma.com/embed/interstitial?embed_host=share&embed_path=%2Fdesign%2FXOm6kAlJGKycxB0oTpoKmO%2FDirectPass-Team-2--Copy-%3Fembed-host%3Dshare%26kind%3Dfile%26node-id%3D810-2917%26page-selector%3D1%26theme%3Dlight%26version%3D2%26viewer%3D1&theme=light&version=2:491
[ 2060564ms] [LOG] Reloading the embed... reason: refreshOnReadyForEmbed @ https://www.figma.com/webpack-artifacts/assets/embed_interstitial-0ea667e91b3ed320.min.js.br:108
[ 2522146ms] [LOG] [vite] server connection lost. Polling for restart... @ http://localhost:5174/@vite/client:963
[ 2522147ms] [ERROR] WebSocket connection to 'ws://localhost:5174/' failed: Error in connection establishment: net::ERR_CONNECTION_REFUSED @ http://localhost:5174/@vite/client:1034
[ 2523150ms] [ERROR] WebSocket connection to 'ws://localhost:5174/' failed: Error in connection establishment: net::ERR_CONNECTION_REFUSED @ http://localhost:5174/@vite/client:1034
[ 2524152ms] [ERROR] WebSocket connection to 'ws://localhost:5174/' failed: Error in connection establishment: net::ERR_CONNECTION_REFUSED @ http://localhost:5174/@vite/client:1034
[ 2525155ms] [ERROR] WebSocket connection to 'ws://localhost:5174/' failed: Error in connection establishment: net::ERR_CONNECTION_REFUSED @ http://localhost:5174/@vite/client:1034
[ 2526163ms] [ERROR] WebSocket connection to 'ws://localhost:5174/' failed: Error in connection establishment: net::ERR_CONNECTION_REFUSED @ http://localhost:5174/@vite/client:1034
[ 2527168ms] [ERROR] WebSocket connection to 'ws://localhost:5174/' failed: Error in connection establishment: net::ERR_CONNECTION_REFUSED @ http://localhost:5174/@vite/client:1034
[ 2528178ms] [ERROR] WebSocket connection to 'ws://localhost:5174/' failed: Error in connection establishment: net::ERR_CONNECTION_REFUSED @ http://localhost:5174/@vite/client:1034
[ 2529198ms] [ERROR] WebSocket connection to 'ws://localhost:5174/' failed: Error in connection establishment: net::ERR_CONNECTION_REFUSED @ http://localhost:5174/@vite/client:1034
[ 2530220ms] [ERROR] WebSocket connection to 'ws://localhost:5174/' failed: Error in connection establishment: net::ERR_CONNECTION_REFUSED @ http://localhost:5174/@vite/client:1034
[ 2531275ms] [ERROR] WebSocket connection to 'ws://localhost:5174/' failed: Error in connection establishment: net::ERR_CONNECTION_REFUSED @ http://localhost:5174/@vite/client:1034
[ 2532330ms] [ERROR] WebSocket connection to 'ws://localhost:5174/' failed: Error in connection establishment: net::ERR_CONNECTION_REFUSED @ http://localhost:5174/@vite/client:1034
[ 2533645ms] [ERROR] WebSocket connection to 'ws://localhost:5174/' failed: Error in connection establishment: net::ERR_CONNECTION_REFUSED @ http://localhost:5174/@vite/client:1034
[ 2535078ms] [ERROR] WebSocket connection to 'ws://localhost:5174/' failed: Error in connection establishment: net::ERR_CONNECTION_REFUSED @ http://localhost:5174/@vite/client:1034
[ 2537194ms] [ERROR] WebSocket connection to 'ws://localhost:5174/' failed: Error in connection establishment: net::ERR_CONNECTION_REFUSED @ http://localhost:5174/@vite/client:1034
[ 2539042ms] [ERROR] WebSocket connection to 'ws://localhost:5174/' failed: Error in connection establishment: net::ERR_CONNECTION_REFUSED @ http://localhost:5174/@vite/client:1034
[ 2542367ms] [ERROR] WebSocket connection to 'ws://localhost:5174/' failed: Error in connection establishment: net::ERR_CONNECTION_REFUSED @ http://localhost:5174/@vite/client:1034
[ 2546887ms] [ERROR] WebSocket connection to 'ws://localhost:5174/' failed: Error in connection establishment: net::ERR_CONNECTION_REFUSED @ http://localhost:5174/@vite/client:1034
[ 2550677ms] [ERROR] WebSocket connection to 'ws://localhost:5174/' failed: Error in connection establishment: net::ERR_CONNECTION_REFUSED @ http://localhost:5174/@vite/client:1034
[ 2555953ms] [ERROR] WebSocket connection to 'ws://localhost:5174/' failed: Error in connection establishment: net::ERR_CONNECTION_REFUSED @ http://localhost:5174/@vite/client:1034
[ 2561802ms] [ERROR] WebSocket connection to 'ws://localhost:5174/' failed: Error in connection establishment: net::ERR_CONNECTION_REFUSED @ http://localhost:5174/@vite/client:1034
[ 2564495ms] [ERROR] WebSocket connection to 'ws://localhost:5174/' failed: Error in connection establishment: net::ERR_CONNECTION_REFUSED @ http://localhost:5174/@vite/client:1034
[ 2569936ms] [ERROR] WebSocket connection to 'ws://localhost:5174/' failed: Error in connection establishment: net::ERR_CONNECTION_REFUSED @ http://localhost:5174/@vite/client:1034
[ 2575768ms] [ERROR] WebSocket connection to 'ws://localhost:5174/' failed: Error in connection establishment: net::ERR_CONNECTION_REFUSED @ http://localhost:5174/@vite/client:1034
[ 2577820ms] [ERROR] WebSocket connection to 'ws://localhost:5174/' failed: Error in connection establishment: net::ERR_CONNECTION_REFUSED @ http://localhost:5174/@vite/client:1034
[ 2581753ms] [ERROR] WebSocket connection to 'ws://localhost:5174/' failed: Error in connection establishment: net::ERR_CONNECTION_REFUSED @ http://localhost:5174/@vite/client:1034
[ 2585316ms] [ERROR] WebSocket connection to 'ws://localhost:5174/' failed: Error in connection establishment: net::ERR_CONNECTION_REFUSED @ http://localhost:5174/@vite/client:1034
[ 2589660ms] [ERROR] WebSocket connection to 'ws://localhost:5174/' failed: Error in connection establishment: net::ERR_CONNECTION_REFUSED @ http://localhost:5174/@vite/client:1034
[ 2592033ms] [ERROR] WebSocket connection to 'ws://localhost:5174/' failed: Error in connection establishment: net::ERR_CONNECTION_REFUSED @ http://localhost:5174/@vite/client:1034
[ 2594759ms] [ERROR] WebSocket connection to 'ws://localhost:5174/' failed: Error in connection establishment: net::ERR_CONNECTION_REFUSED @ http://localhost:5174/@vite/client:1034
[ 2599941ms] [ERROR] WebSocket connection to 'ws://localhost:5174/' failed: Error in connection establishment: net::ERR_CONNECTION_REFUSED @ http://localhost:5174/@vite/client:1034
[ 2602264ms] [ERROR] WebSocket connection to 'ws://localhost:5174/' failed: Error in connection establishment: net::ERR_CONNECTION_REFUSED @ http://localhost:5174/@vite/client:1034
[ 2607961ms] [ERROR] WebSocket connection to 'ws://localhost:5174/' failed: Error in connection establishment: net::ERR_CONNECTION_REFUSED @ http://localhost:5174/@vite/client:1034
[ 2612875ms] [ERROR] WebSocket connection to 'ws://localhost:5174/' failed: Error in connection establishment: net::ERR_CONNECTION_REFUSED @ http://localhost:5174/@vite/client:1034
[ 2617200ms] [ERROR] WebSocket connection to 'ws://localhost:5174/' failed: Error in connection establishment: net::ERR_CONNECTION_REFUSED @ http://localhost:5174/@vite/client:1034
[ 2621194ms] [ERROR] WebSocket connection to 'ws://localhost:5174/' failed: Error in connection establishment: net::ERR_CONNECTION_REFUSED @ http://localhost:5174/@vite/client:1034
[ 2626461ms] [ERROR] WebSocket connection to 'ws://localhost:5174/' failed: Error in connection establishment: net::ERR_CONNECTION_REFUSED @ http://localhost:5174/@vite/client:1034
[ 2628698ms] [ERROR] WebSocket connection to 'ws://localhost:5174/' failed: Error in connection establishment: net::ERR_CONNECTION_REFUSED @ http://localhost:5174/@vite/client:1034
[ 2631413ms] [ERROR] WebSocket connection to 'ws://localhost:5174/' failed: Error in connection establishment: net::ERR_CONNECTION_REFUSED @ http://localhost:5174/@vite/client:1034
[ 2636445ms] [ERROR] WebSocket connection to 'ws://localhost:5174/' failed: Error in connection establishment: net::ERR_CONNECTION_REFUSED @ http://localhost:5174/@vite/client:1034
[ 2640194ms] [ERROR] WebSocket connection to 'ws://localhost:5174/' failed: Error in connection establishment: net::ERR_CONNECTION_REFUSED @ http://localhost:5174/@vite/client:1034
[ 2644539ms] [ERROR] WebSocket connection to 'ws://localhost:5174/' failed: Error in connection establishment: net::ERR_CONNECTION_REFUSED @ http://localhost:5174/@vite/client:1034
[ 2647061ms] [ERROR] WebSocket connection to 'ws://localhost:5174/' failed: Error in connection establishment: net::ERR_CONNECTION_REFUSED @ http://localhost:5174/@vite/client:1034
[ 2649948ms] [ERROR] WebSocket connection to 'ws://localhost:5174/' failed: Error in connection establishment: net::ERR_CONNECTION_REFUSED @ http://localhost:5174/@vite/client:1034
[ 2654154ms] [ERROR] WebSocket connection to 'ws://localhost:5174/' failed: Error in connection establishment: net::ERR_CONNECTION_REFUSED @ http://localhost:5174/@vite/client:1034
[ 2659903ms] [ERROR] WebSocket connection to 'ws://localhost:5174/' failed: Error in connection establishment: net::ERR_CONNECTION_REFUSED @ http://localhost:5174/@vite/client:1034
[ 2664682ms] [ERROR] WebSocket connection to 'ws://localhost:5174/' failed: Error in connection establishment: net::ERR_CONNECTION_REFUSED @ http://localhost:5174/@vite/client:1034
[ 2667009ms] [ERROR] WebSocket connection to 'ws://localhost:5174/' failed: Error in connection establishment: net::ERR_CONNECTION_REFUSED @ http://localhost:5174/@vite/client:1034
[ 2671104ms] [ERROR] WebSocket connection to 'ws://localhost:5174/' failed: Error in connection establishment: net::ERR_CONNECTION_REFUSED @ http://localhost:5174/@vite/client:1034
[ 2675577ms] [ERROR] WebSocket connection to 'ws://localhost:5174/' failed: Error in connection establishment: net::ERR_CONNECTION_REFUSED @ http://localhost:5174/@vite/client:1034
[ 2681440ms] [ERROR] WebSocket connection to 'ws://localhost:5174/' failed: Error in connection establishment: net::ERR_CONNECTION_REFUSED @ http://localhost:5174/@vite/client:1034
[ 2684451ms] [ERROR] WebSocket connection to 'ws://localhost:5174/' failed: Error in connection establishment: net::ERR_CONNECTION_REFUSED @ http://localhost:5174/@vite/client:1034
[ 2686909ms] [ERROR] WebSocket connection to 'ws://localhost:5174/' failed: Error in connection establishment: net::ERR_CONNECTION_REFUSED @ http://localhost:5174/@vite/client:1034
[ 2690306ms] [ERROR] WebSocket connection to 'ws://localhost:5174/' failed: Error in connection establishment: net::ERR_CONNECTION_REFUSED @ http://localhost:5174/@vite/client:1034
[ 2693416ms] [ERROR] WebSocket connection to 'ws://localhost:5174/' failed: Error in connection establishment: net::ERR_CONNECTION_REFUSED @ http://localhost:5174/@vite/client:1034
[ 2699098ms] [ERROR] WebSocket connection to 'ws://localhost:5174/' failed: Error in connection establishment: net::ERR_CONNECTION_REFUSED @ http://localhost:5174/@vite/client:1034
[ 2705046ms] [ERROR] WebSocket connection to 'ws://localhost:5174/' failed: Error in connection establishment: net::ERR_CONNECTION_REFUSED @ http://localhost:5174/@vite/client:1034
[ 2707769ms] [ERROR] WebSocket connection to 'ws://localhost:5174/' failed: Error in connection establishment: net::ERR_CONNECTION_REFUSED @ http://localhost:5174/@vite/client:1034
[ 2713466ms] [ERROR] WebSocket connection to 'ws://localhost:5174/' failed: Error in connection establishment: net::ERR_CONNECTION_REFUSED @ http://localhost:5174/@vite/client:1034
[ 2717425ms] [ERROR] WebSocket connection to 'ws://localhost:5174/' failed: Error in connection establishment: net::ERR_CONNECTION_REFUSED @ http://localhost:5174/@vite/client:1034
[ 2720940ms] [ERROR] WebSocket connection to 'ws://localhost:5174/' failed: Error in connection establishment: net::ERR_CONNECTION_REFUSED @ http://localhost:5174/@vite/client:1034
[ 2725499ms] [ERROR] WebSocket connection to 'ws://localhost:5174/' failed: Error in connection establishment: net::ERR_CONNECTION_REFUSED @ http://localhost:5174/@vite/client:1034
[ 2730271ms] [ERROR] WebSocket connection to 'ws://localhost:5174/' failed: Error in connection establishment: net::ERR_CONNECTION_REFUSED @ http://localhost:5174/@vite/client:1034
[ 2734603ms] [ERROR] WebSocket connection to 'ws://localhost:5174/' failed: Error in connection establishment: net::ERR_CONNECTION_REFUSED @ http://localhost:5174/@vite/client:1034
[ 2736824ms] [ERROR] WebSocket connection to 'ws://localhost:5174/' failed: Error in connection establishment: net::ERR_CONNECTION_REFUSED @ http://localhost:5174/@vite/client:1034
[ 2739200ms] [ERROR] WebSocket connection to 'ws://localhost:5174/' failed: Error in connection establishment: net::ERR_CONNECTION_REFUSED @ http://localhost:5174/@vite/client:1034
[ 2742455ms] [ERROR] WebSocket connection to 'ws://localhost:5174/' failed: Error in connection establishment: net::ERR_CONNECTION_REFUSED @ http://localhost:5174/@vite/client:1034
[ 2746659ms] [ERROR] WebSocket connection to 'ws://localhost:5174/' failed: Error in connection establishment: net::ERR_CONNECTION_REFUSED @ http://localhost:5174/@vite/client:1034
[ 2750279ms] [ERROR] WebSocket connection to 'ws://localhost:5174/' failed: Error in connection establishment: net::ERR_CONNECTION_REFUSED @ http://localhost:5174/@vite/client:1034
[ 2751858ms] [ERROR] Failed to load resource: net::ERR_CONNECTION_REFUSED @ http://localhost:5174/src/assets/images/DirectPass_returning-user-flow.png:0
[ 2751858ms] [ERROR] Failed to load resource: net::ERR_CONNECTION_REFUSED @ http://localhost:5174/src/assets/images/DirectPass_new-user-flow.png:0
[ 2754480ms] [ERROR] WebSocket connection to 'ws://localhost:5174/' failed: Error in connection establishment: net::ERR_CONNECTION_REFUSED @ http://localhost:5174/@vite/client:1034
[ 2760387ms] [ERROR] WebSocket connection to 'ws://localhost:5174/' failed: Error in connection establishment: net::ERR_CONNECTION_REFUSED @ http://localhost:5174/@vite/client:1034
[ 2763645ms] [ERROR] WebSocket connection to 'ws://localhost:5174/' failed: Error in connection establishment: net::ERR_CONNECTION_REFUSED @ http://localhost:5174/@vite/client:1034
[ 2767773ms] [ERROR] WebSocket connection to 'ws://localhost:5174/' failed: Error in connection establishment: net::ERR_CONNECTION_REFUSED @ http://localhost:5174/@vite/client:1034
[ 2770891ms] [ERROR] WebSocket connection to 'ws://localhost:5174/' failed: Error in connection establishment: net::ERR_CONNECTION_REFUSED @ http://localhost:5174/@vite/client:1034
[ 2771891ms] [ERROR] Failed to load resource: net::ERR_CONNECTION_REFUSED @ http://localhost:5174/src/assets/images/DirectPass_journeymap.jpg:0
[ 2771891ms] [ERROR] Failed to load resource: net::ERR_CONNECTION_REFUSED @ http://localhost:5174/src/assets/images/DirectPass_uxreport.jpg:0
[ 3773722ms] [INFO] %cDownload the React DevTools for a better development experience: https://reactjs.org/link/react-devtools font-weight:bold @ http://localhost:5174/node_modules/.vite/deps/chunk-YQ5BCTVV.js?v=008470e5:21608
[11303001ms] [INFO] %cDownload the React DevTools for a better development experience: https://reactjs.org/link/react-devtools font-weight:bold @ http://localhost:5174/node_modules/.vite/deps/chunk-YQ5BCTVV.js?v=008470e5:21608
[11322881ms] [WARNING] Allow attribute will take precedence over 'allowfullscreen'. @ http://localhost:5174/node_modules/.vite/deps/chunk-YQ5BCTVV.js?v=008470e5:1270
[11323840ms] [LOG] Running frontend commit de8a4b1632de02d5e33458ee8dac422560c6fa9a @ https://www.figma.com/embed/interstitial?embed_host=share&embed_path=%2Fdesign%2FXOm6kAlJGKycxB0oTpoKmO%2FDirectPass-Team-2--Copy-%3Fembed-host%3Dshare%26kind%3Dfile%26node-id%3D810-2917%26page-selector%3D1%26theme%3Dlight%26version%3D2%26viewer%3D1&theme=light&version=2:491
[11324399ms] [LOG] Reloading the embed... reason: refreshOnReadyForEmbed @ https://www.figma.com/webpack-artifacts/assets/embed_interstitial-0ea667e91b3ed320.min.js.br:108
[11325140ms] [LOG] Running frontend commit de8a4b1632de02d5e33458ee8dac422560c6fa9a @ https://www.figma.com/design/XOm6kAlJGKycxB0oTpoKmO/DirectPass-Team-2--Copy-?embed-host=share&kind=file&node-id=810-2917&page-selector=1&theme=light&version=2&viewer=1:491
