[    7385ms] [INFO] %cDownload the React DevTools for a better development experience: https://reactjs.org/link/react-devtools font-weight:bold @ http://localhost:5173/node_modules/.vite/deps/chunk-YQ5BCTVV.js?v=5398434d:21608
[    7587ms] [WARNING] Please ensure that the container has a non-static position, like 'relative', 'fixed', or 'absolute' to ensure scroll offset is calculated correctly. @ http://localhost:5173/node_modules/.vite/deps/chunk-JA7CUYV3.js?v=5398434d:139
[  195322ms] [INFO] %cDownload the React DevTools for a better development experience: https://reactjs.org/link/react-devtools font-weight:bold @ http://localhost:5173/node_modules/.vite/deps/chunk-YQ5BCTVV.js?v=5398434d:21608
[  195472ms] [WARNING] Please ensure that the container has a non-static position, like 'relative', 'fixed', or 'absolute' to ensure scroll offset is calculated correctly. @ http://localhost:5173/node_modules/.vite/deps/chunk-JA7CUYV3.js?v=5398434d:139
[  388750ms] [ERROR] Error: <line> attribute x1: Expected length, "undefined%". @ http://localhost:5173/node_modules/.vite/deps/chunk-YQ5BCTVV.js?v=5398434d:1232
[  388750ms] [ERROR] Error: <line> attribute y1: Expected length, "undefined%". @ http://localhost:5173/node_modules/.vite/deps/chunk-YQ5BCTVV.js?v=5398434d:1232
[  388750ms] [ERROR] Error: <line> attribute x2: Expected length, "undefined%". @ http://localhost:5173/node_modules/.vite/deps/chunk-YQ5BCTVV.js?v=5398434d:1232
[  388750ms] [ERROR] Error: <line> attribute y2: Expected length, "undefined%". @ http://localhost:5173/node_modules/.vite/deps/chunk-YQ5BCTVV.js?v=5398434d:1232
[  388752ms] [ERROR] Error: <line> attribute x1: Expected length, "undefined%". @ http://localhost:5173/node_modules/.vite/deps/chunk-YQ5BCTVV.js?v=5398434d:1232
[  388752ms] [ERROR] Error: <line> attribute y1: Expected length, "undefined%". @ http://localhost:5173/node_modules/.vite/deps/chunk-YQ5BCTVV.js?v=5398434d:1232
[  388752ms] [ERROR] Error: <line> attribute x2: Expected length, "undefined%". @ http://localhost:5173/node_modules/.vite/deps/chunk-YQ5BCTVV.js?v=5398434d:1232
[  388752ms] [ERROR] Error: <line> attribute y2: Expected length, "undefined%". @ http://localhost:5173/node_modules/.vite/deps/chunk-YQ5BCTVV.js?v=5398434d:1232
[  388752ms] [ERROR] Error: <line> attribute x1: Expected length, "undefined%". @ http://localhost:5173/node_modules/.vite/deps/chunk-YQ5BCTVV.js?v=5398434d:1232
[  388752ms] [ERROR] Error: <line> attribute y1: Expected length, "undefined%". @ http://localhost:5173/node_modules/.vite/deps/chunk-YQ5BCTVV.js?v=5398434d:1232
[  388752ms] [ERROR] Error: <line> attribute x2: Expected length, "undefined%". @ http://localhost:5173/node_modules/.vite/deps/chunk-YQ5BCTVV.js?v=5398434d:1232
[  388752ms] [ERROR] Error: <line> attribute y2: Expected length, "undefined%". @ http://localhost:5173/node_modules/.vite/deps/chunk-YQ5BCTVV.js?v=5398434d:1232
[  388752ms] [ERROR] Error: <line> attribute x1: Expected length, "undefined%". @ http://localhost:5173/node_modules/.vite/deps/chunk-YQ5BCTVV.js?v=5398434d:1232
[  388752ms] [ERROR] Error: <line> attribute y1: Expected length, "undefined%". @ http://localhost:5173/node_modules/.vite/deps/chunk-YQ5BCTVV.js?v=5398434d:1232
[  388752ms] [ERROR] Error: <line> attribute x2: Expected length, "undefined%". @ http://localhost:5173/node_modules/.vite/deps/chunk-YQ5BCTVV.js?v=5398434d:1232
[  388752ms] [ERROR] Error: <line> attribute y2: Expected length, "undefined%". @ http://localhost:5173/node_modules/.vite/deps/chunk-YQ5BCTVV.js?v=5398434d:1232
[  388754ms] [ERROR] Error: <line> attribute x1: Expected length, "undefined%". @ http://localhost:5173/node_modules/.vite/deps/chunk-YQ5BCTVV.js?v=5398434d:1232
[  388754ms] [ERROR] Error: <line> attribute y1: Expected length, "undefined%". @ http://localhost:5173/node_modules/.vite/deps/chunk-YQ5BCTVV.js?v=5398434d:1232
[  388754ms] [ERROR] Error: <line> attribute x2: Expected length, "undefined%". @ http://localhost:5173/node_modules/.vite/deps/chunk-YQ5BCTVV.js?v=5398434d:1232
[  388754ms] [ERROR] Error: <line> attribute y2: Expected length, "undefined%". @ http://localhost:5173/node_modules/.vite/deps/chunk-YQ5BCTVV.js?v=5398434d:1232
[  388754ms] [ERROR] Error: <line> attribute x1: Expected length, "undefined%". @ http://localhost:5173/node_modules/.vite/deps/chunk-YQ5BCTVV.js?v=5398434d:1232
[  388754ms] [ERROR] Error: <line> attribute y1: Expected length, "undefined%". @ http://localhost:5173/node_modules/.vite/deps/chunk-YQ5BCTVV.js?v=5398434d:1232
[  388754ms] [ERROR] Error: <line> attribute x2: Expected length, "undefined%". @ http://localhost:5173/node_modules/.vite/deps/chunk-YQ5BCTVV.js?v=5398434d:1232
[  388754ms] [ERROR] Error: <line> attribute y2: Expected length, "undefined%". @ http://localhost:5173/node_modules/.vite/deps/chunk-YQ5BCTVV.js?v=5398434d:1232
[  388754ms] [ERROR] Error: <line> attribute x1: Expected length, "undefined%". @ http://localhost:5173/node_modules/.vite/deps/chunk-YQ5BCTVV.js?v=5398434d:1232
[  388754ms] [ERROR] Error: <line> attribute y1: Expected length, "undefined%". @ http://localhost:5173/node_modules/.vite/deps/chunk-YQ5BCTVV.js?v=5398434d:1232
[  388754ms] [ERROR] Error: <line> attribute x2: Expected length, "undefined%". @ http://localhost:5173/node_modules/.vite/deps/chunk-YQ5BCTVV.js?v=5398434d:1232
[  388754ms] [ERROR] Error: <line> attribute y2: Expected length, "undefined%". @ http://localhost:5173/node_modules/.vite/deps/chunk-YQ5BCTVV.js?v=5398434d:1232
[  388755ms] [ERROR] Error: <line> attribute x1: Expected length, "undefined%". @ http://localhost:5173/node_modules/.vite/deps/chunk-YQ5BCTVV.js?v=5398434d:1232
[  388756ms] [ERROR] Error: <line> attribute y1: Expected length, "undefined%". @ http://localhost:5173/node_modules/.vite/deps/chunk-YQ5BCTVV.js?v=5398434d:1232
[  388756ms] [ERROR] Error: <line> attribute x2: Expected length, "undefined%". @ http://localhost:5173/node_modules/.vite/deps/chunk-YQ5BCTVV.js?v=5398434d:1232
[  388756ms] [ERROR] Error: <line> attribute y2: Expected length, "undefined%". @ http://localhost:5173/node_modules/.vite/deps/chunk-YQ5BCTVV.js?v=5398434d:1232
[  406807ms] [ERROR] Error: <line> attribute x1: Expected length, "undefined%". @ http://localhost:5173/node_modules/.vite/deps/chunk-YQ5BCTVV.js?v=5398434d:1232
[  406807ms] [ERROR] Error: <line> attribute y1: Expected length, "undefined%". @ http://localhost:5173/node_modules/.vite/deps/chunk-YQ5BCTVV.js?v=5398434d:1232
[  406807ms] [ERROR] Error: <line> attribute x2: Expected length, "undefined%". @ http://localhost:5173/node_modules/.vite/deps/chunk-YQ5BCTVV.js?v=5398434d:1232
[  406807ms] [ERROR] Error: <line> attribute y2: Expected length, "undefined%". @ http://localhost:5173/node_modules/.vite/deps/chunk-YQ5BCTVV.js?v=5398434d:1232
[  406808ms] [ERROR] Error: <line> attribute x1: Expected length, "undefined%". @ http://localhost:5173/node_modules/.vite/deps/chunk-YQ5BCTVV.js?v=5398434d:1232
[  406808ms] [ERROR] Error: <line> attribute y1: Expected length, "undefined%". @ http://localhost:5173/node_modules/.vite/deps/chunk-YQ5BCTVV.js?v=5398434d:1232
[  406808ms] [ERROR] Error: <line> attribute x2: Expected length, "undefined%". @ http://localhost:5173/node_modules/.vite/deps/chunk-YQ5BCTVV.js?v=5398434d:1232
[  406809ms] [ERROR] Error: <line> attribute y2: Expected length, "undefined%". @ http://localhost:5173/node_modules/.vite/deps/chunk-YQ5BCTVV.js?v=5398434d:1232
[  406809ms] [ERROR] Error: <line> attribute x1: Expected length, "undefined%". @ http://localhost:5173/node_modules/.vite/deps/chunk-YQ5BCTVV.js?v=5398434d:1232
[  406809ms] [ERROR] Error: <line> attribute y1: Expected length, "undefined%". @ http://localhost:5173/node_modules/.vite/deps/chunk-YQ5BCTVV.js?v=5398434d:1232
[  406809ms] [ERROR] Error: <line> attribute x2: Expected length, "undefined%". @ http://localhost:5173/node_modules/.vite/deps/chunk-YQ5BCTVV.js?v=5398434d:1232
[  406809ms] [ERROR] Error: <line> attribute y2: Expected length, "undefined%". @ http://localhost:5173/node_modules/.vite/deps/chunk-YQ5BCTVV.js?v=5398434d:1232
[  406809ms] [ERROR] Error: <line> attribute x1: Expected length, "undefined%". @ http://localhost:5173/node_modules/.vite/deps/chunk-YQ5BCTVV.js?v=5398434d:1232
[  406809ms] [ERROR] Error: <line> attribute y1: Expected length, "undefined%". @ http://localhost:5173/node_modules/.vite/deps/chunk-YQ5BCTVV.js?v=5398434d:1232
[  406809ms] [ERROR] Error: <line> attribute x2: Expected length, "undefined%". @ http://localhost:5173/node_modules/.vite/deps/chunk-YQ5BCTVV.js?v=5398434d:1232
[  406809ms] [ERROR] Error: <line> attribute y2: Expected length, "undefined%". @ http://localhost:5173/node_modules/.vite/deps/chunk-YQ5BCTVV.js?v=5398434d:1232
[  406811ms] [ERROR] Error: <line> attribute x1: Expected length, "undefined%". @ http://localhost:5173/node_modules/.vite/deps/chunk-YQ5BCTVV.js?v=5398434d:1232
[  406811ms] [ERROR] Error: <line> attribute y1: Expected length, "undefined%". @ http://localhost:5173/node_modules/.vite/deps/chunk-YQ5BCTVV.js?v=5398434d:1232
[  406811ms] [ERROR] Error: <line> attribute x2: Expected length, "undefined%". @ http://localhost:5173/node_modules/.vite/deps/chunk-YQ5BCTVV.js?v=5398434d:1232
[  406811ms] [ERROR] Error: <line> attribute y2: Expected length, "undefined%". @ http://localhost:5173/node_modules/.vite/deps/chunk-YQ5BCTVV.js?v=5398434d:1232
[  406811ms] [ERROR] Error: <line> attribute x1: Expected length, "undefined%". @ http://localhost:5173/node_modules/.vite/deps/chunk-YQ5BCTVV.js?v=5398434d:1232
[  406811ms] [ERROR] Error: <line> attribute y1: Expected length, "undefined%". @ http://localhost:5173/node_modules/.vite/deps/chunk-YQ5BCTVV.js?v=5398434d:1232
[  406811ms] [ERROR] Error: <line> attribute x2: Expected length, "undefined%". @ http://localhost:5173/node_modules/.vite/deps/chunk-YQ5BCTVV.js?v=5398434d:1232
[  406811ms] [ERROR] Error: <line> attribute y2: Expected length, "undefined%". @ http://localhost:5173/node_modules/.vite/deps/chunk-YQ5BCTVV.js?v=5398434d:1232
[  406811ms] [ERROR] Error: <line> attribute x1: Expected length, "undefined%". @ http://localhost:5173/node_modules/.vite/deps/chunk-YQ5BCTVV.js?v=5398434d:1232
[  406811ms] [ERROR] Error: <line> attribute y1: Expected length, "undefined%". @ http://localhost:5173/node_modules/.vite/deps/chunk-YQ5BCTVV.js?v=5398434d:1232
[  406811ms] [ERROR] Error: <line> attribute x2: Expected length, "undefined%". @ http://localhost:5173/node_modules/.vite/deps/chunk-YQ5BCTVV.js?v=5398434d:1232
[  406811ms] [ERROR] Error: <line> attribute y2: Expected length, "undefined%". @ http://localhost:5173/node_modules/.vite/deps/chunk-YQ5BCTVV.js?v=5398434d:1232
[  406813ms] [ERROR] Error: <line> attribute x1: Expected length, "undefined%". @ http://localhost:5173/node_modules/.vite/deps/chunk-YQ5BCTVV.js?v=5398434d:1232
[  406813ms] [ERROR] Error: <line> attribute y1: Expected length, "undefined%". @ http://localhost:5173/node_modules/.vite/deps/chunk-YQ5BCTVV.js?v=5398434d:1232
[  406813ms] [ERROR] Error: <line> attribute x2: Expected length, "undefined%". @ http://localhost:5173/node_modules/.vite/deps/chunk-YQ5BCTVV.js?v=5398434d:1232
[  406813ms] [ERROR] Error: <line> attribute y2: Expected length, "undefined%". @ http://localhost:5173/node_modules/.vite/deps/chunk-YQ5BCTVV.js?v=5398434d:1232
[  455400ms] [INFO] %cDownload the React DevTools for a better development experience: https://reactjs.org/link/react-devtools font-weight:bold @ http://localhost:5173/node_modules/.vite/deps/chunk-YQ5BCTVV.js?v=5398434d:21608
[  455535ms] [WARNING] Please ensure that the container has a non-static position, like 'relative', 'fixed', or 'absolute' to ensure scroll offset is calculated correctly. @ http://localhost:5173/node_modules/.vite/deps/chunk-JA7CUYV3.js?v=5398434d:139
[ 1373107ms] [INFO] %cDownload the React DevTools for a better development experience: https://reactjs.org/link/react-devtools font-weight:bold @ http://localhost:5173/node_modules/.vite/deps/chunk-YQ5BCTVV.js?v=5398434d:21608
[ 1373227ms] [WARNING] Please ensure that the container has a non-static position, like 'relative', 'fixed', or 'absolute' to ensure scroll offset is calculated correctly. @ http://localhost:5173/node_modules/.vite/deps/chunk-JA7CUYV3.js?v=5398434d:139
[ 2196221ms] ReferenceError: tms is not defined
    at http://localhost:5173/src/app/components/AiExperience.tsx?t=1783222358609:999:36
    at provideTimeSinceStart (http://localhost:5173/node_modules/.vite/deps/motion_react.js?v=bc1929d9:4310:7)
    at triggerCallback (http://localhost:5173/node_modules/.vite/deps/chunk-JA7CUYV3.js?v=5398434d:297:5)
    at Set.forEach (<anonymous>)
    at Object.process (http://localhost:5173/node_modules/.vite/deps/chunk-JA7CUYV3.js?v=5398434d:330:17)
    at processBatch (http://localhost:5173/node_modules/.vite/deps/chunk-JA7CUYV3.js?v=5398434d:374:12)
