[      83ms] [INFO] %cDownload the React DevTools for a better development experience: https://reactjs.org/link/react-devtools font-weight:bold @ http://localhost:5173/node_modules/.vite/deps/chunk-YQ5BCTVV.js?v=5398434d:21608
[     253ms] [WARNING] Please ensure that the container has a non-static position, like 'relative', 'fixed', or 'absolute' to ensure scroll offset is calculated correctly. @ http://localhost:5173/node_modules/.vite/deps/chunk-JA7CUYV3.js?v=5398434d:139
[     285ms] [ERROR] Failed to load resource: the server responded with a status of 404 (Not Found) @ http://localhost:5173/favicon.ico:0
[   90744ms] [INFO] %cDownload the React DevTools for a better development experience: https://reactjs.org/link/react-devtools font-weight:bold @ http://localhost:5173/node_modules/.vite/deps/chunk-YQ5BCTVV.js?v=5398434d:21608
[   90918ms] [WARNING] Please ensure that the container has a non-static position, like 'relative', 'fixed', or 'absolute' to ensure scroll offset is calculated correctly. @ http://localhost:5173/node_modules/.vite/deps/chunk-JA7CUYV3.js?v=5398434d:139
[  717411ms] [INFO] %cDownload the React DevTools for a better development experience: https://reactjs.org/link/react-devtools font-weight:bold @ http://localhost:5173/node_modules/.vite/deps/chunk-YQ5BCTVV.js?v=5398434d:21608
[  717559ms] [WARNING] Please ensure that the container has a non-static position, like 'relative', 'fixed', or 'absolute' to ensure scroll offset is calculated correctly. @ http://localhost:5173/node_modules/.vite/deps/chunk-JA7CUYV3.js?v=5398434d:139
[ 1604116ms] [INFO] %cDownload the React DevTools for a better development experience: https://reactjs.org/link/react-devtools font-weight:bold @ http://localhost:5173/node_modules/.vite/deps/chunk-YQ5BCTVV.js?v=5398434d:21608
[ 1604273ms] [WARNING] Please ensure that the container has a non-static position, like 'relative', 'fixed', or 'absolute' to ensure scroll offset is calculated correctly. @ http://localhost:5173/node_modules/.vite/deps/chunk-JA7CUYV3.js?v=5398434d:139
[ 3129709ms] ReferenceError: auditorGrowT is not defined
    at http://localhost:5173/src/app/components/AiExperience.tsx?t=1783290177594:1342:7
    at provideTimeSinceStart (http://localhost:5173/node_modules/.vite/deps/motion_react.js?v=bc1929d9:4310:7)
    at triggerCallback (http://localhost:5173/node_modules/.vite/deps/chunk-JA7CUYV3.js?v=5398434d:297:5)
    at Set.forEach (<anonymous>)
    at Object.process (http://localhost:5173/node_modules/.vite/deps/chunk-JA7CUYV3.js?v=5398434d:330:17)
    at processBatch (http://localhost:5173/node_modules/.vite/deps/chunk-JA7CUYV3.js?v=5398434d:374:12)
[ 3238023ms] [INFO] %cDownload the React DevTools for a better development experience: https://reactjs.org/link/react-devtools font-weight:bold @ http://localhost:5173/node_modules/.vite/deps/chunk-YQ5BCTVV.js?v=5398434d:21608
[ 3238149ms] [WARNING] Please ensure that the container has a non-static position, like 'relative', 'fixed', or 'absolute' to ensure scroll offset is calculated correctly. @ http://localhost:5173/node_modules/.vite/deps/chunk-JA7CUYV3.js?v=5398434d:139
[ 3429708ms] [INFO] %cDownload the React DevTools for a better development experience: https://reactjs.org/link/react-devtools font-weight:bold @ http://localhost:5173/node_modules/.vite/deps/chunk-YQ5BCTVV.js?v=5398434d:21608
[ 3429861ms] [WARNING] Please ensure that the container has a non-static position, like 'relative', 'fixed', or 'absolute' to ensure scroll offset is calculated correctly. @ http://localhost:5173/node_modules/.vite/deps/chunk-JA7CUYV3.js?v=5398434d:139
[ 5058290ms] ReferenceError: vineLength is not defined
    at RollingDie (http://localhost:5173/src/app/components/AiExperience.tsx?t=1783292106173:1515:21)
    at renderWithHooks (http://localhost:5173/node_modules/.vite/deps/chunk-YQ5BCTVV.js?v=5398434d:11596:26)
    at mountIndeterminateComponent (http://localhost:5173/node_modules/.vite/deps/chunk-YQ5BCTVV.js?v=5398434d:14974:21)
    at beginWork (http://localhost:5173/node_modules/.vite/deps/chunk-YQ5BCTVV.js?v=5398434d:15962:22)
    at HTMLUnknownElement.callCallback2 (http://localhost:5173/node_modules/.vite/deps/chunk-YQ5BCTVV.js?v=5398434d:3680:22)
    at Object.invokeGuardedCallbackDev (http://localhost:5173/node_modules/.vite/deps/chunk-YQ5BCTVV.js?v=5398434d:3705:24)
    at invokeGuardedCallback (http://localhost:5173/node_modules/.vite/deps/chunk-YQ5BCTVV.js?v=5398434d:3739:39)
    at beginWork$1 (http://localhost:5173/node_modules/.vite/deps/chunk-YQ5BCTVV.js?v=5398434d:19818:15)
    at performUnitOfWork (http://localhost:5173/node_modules/.vite/deps/chunk-YQ5BCTVV.js?v=5398434d:19251:20)
    at workLoopSync (http://localhost:5173/node_modules/.vite/deps/chunk-YQ5BCTVV.js?v=5398434d:19190:13)
[ 5058296ms] ReferenceError: vineLength is not defined
    at RollingDie (http://localhost:5173/src/app/components/AiExperience.tsx?t=1783292106173:1515:21)
    at renderWithHooks (http://localhost:5173/node_modules/.vite/deps/chunk-YQ5BCTVV.js?v=5398434d:11596:26)
    at mountIndeterminateComponent (http://localhost:5173/node_modules/.vite/deps/chunk-YQ5BCTVV.js?v=5398434d:14974:21)
    at beginWork (http://localhost:5173/node_modules/.vite/deps/chunk-YQ5BCTVV.js?v=5398434d:15962:22)
    at HTMLUnknownElement.callCallback2 (http://localhost:5173/node_modules/.vite/deps/chunk-YQ5BCTVV.js?v=5398434d:3680:22)
    at Object.invokeGuardedCallbackDev (http://localhost:5173/node_modules/.vite/deps/chunk-YQ5BCTVV.js?v=5398434d:3705:24)
    at invokeGuardedCallback (http://localhost:5173/node_modules/.vite/deps/chunk-YQ5BCTVV.js?v=5398434d:3739:39)
    at beginWork$1 (http://localhost:5173/node_modules/.vite/deps/chunk-YQ5BCTVV.js?v=5398434d:19818:15)
    at performUnitOfWork (http://localhost:5173/node_modules/.vite/deps/chunk-YQ5BCTVV.js?v=5398434d:19251:20)
    at workLoopSync (http://localhost:5173/node_modules/.vite/deps/chunk-YQ5BCTVV.js?v=5398434d:19190:13)
[ 5058298ms] [ERROR] The above error occurred in the <RollingDie> component:

    at RollingDie (http://localhost:5173/src/app/components/AiExperience.tsx?t=1783292106173:1199:23)
    at div
    at section
    at JourneyStage (http://localhost:5173/src/app/components/AiExperience.tsx?t=1783292106173:338:15)
    at main
    at AiExperience (http://localhost:5173/src/app/components/AiExperience.tsx?t=1783292106173:316:3)
    at div
    at App (http://localhost:5173/src/app/App.tsx?t=1783290431700:34:30)

Consider adding an error boundary to your tree to customize error handling behavior.
Visit https://reactjs.org/link/error-boundaries to learn more about error boundaries. @ http://localhost:5173/node_modules/.vite/deps/chunk-YQ5BCTVV.js?v=5398434d:14079
[ 5058299ms] ReferenceError: vineLength is not defined
    at RollingDie (http://localhost:5173/src/app/components/AiExperience.tsx?t=1783292106173:1515:21)
    at renderWithHooks (http://localhost:5173/node_modules/.vite/deps/chunk-YQ5BCTVV.js?v=5398434d:11596:26)
    at mountIndeterminateComponent (http://localhost:5173/node_modules/.vite/deps/chunk-YQ5BCTVV.js?v=5398434d:14974:21)
    at beginWork (http://localhost:5173/node_modules/.vite/deps/chunk-YQ5BCTVV.js?v=5398434d:15962:22)
    at beginWork$1 (http://localhost:5173/node_modules/.vite/deps/chunk-YQ5BCTVV.js?v=5398434d:19806:22)
    at performUnitOfWork (http://localhost:5173/node_modules/.vite/deps/chunk-YQ5BCTVV.js?v=5398434d:19251:20)
    at workLoopSync (http://localhost:5173/node_modules/.vite/deps/chunk-YQ5BCTVV.js?v=5398434d:19190:13)
    at renderRootSync (http://localhost:5173/node_modules/.vite/deps/chunk-YQ5BCTVV.js?v=5398434d:19169:15)
    at recoverFromConcurrentError (http://localhost:5173/node_modules/.vite/deps/chunk-YQ5BCTVV.js?v=5398434d:18786:28)
    at performSyncWorkOnRoot (http://localhost:5173/node_modules/.vite/deps/chunk-YQ5BCTVV.js?v=5398434d:18932:28)
[ 5067787ms] ReferenceError: vineLength is not defined
    at RollingDie (http://localhost:5173/src/app/components/AiExperience.tsx?t=1783292115566:1512:21)
    at renderWithHooks (http://localhost:5173/node_modules/.vite/deps/chunk-YQ5BCTVV.js?v=5398434d:11596:26)
    at mountIndeterminateComponent (http://localhost:5173/node_modules/.vite/deps/chunk-YQ5BCTVV.js?v=5398434d:14974:21)
    at beginWork (http://localhost:5173/node_modules/.vite/deps/chunk-YQ5BCTVV.js?v=5398434d:15962:22)
    at HTMLUnknownElement.callCallback2 (http://localhost:5173/node_modules/.vite/deps/chunk-YQ5BCTVV.js?v=5398434d:3680:22)
    at Object.invokeGuardedCallbackDev (http://localhost:5173/node_modules/.vite/deps/chunk-YQ5BCTVV.js?v=5398434d:3705:24)
    at invokeGuardedCallback (http://localhost:5173/node_modules/.vite/deps/chunk-YQ5BCTVV.js?v=5398434d:3739:39)
    at beginWork$1 (http://localhost:5173/node_modules/.vite/deps/chunk-YQ5BCTVV.js?v=5398434d:19818:15)
    at performUnitOfWork (http://localhost:5173/node_modules/.vite/deps/chunk-YQ5BCTVV.js?v=5398434d:19251:20)
    at workLoopSync (http://localhost:5173/node_modules/.vite/deps/chunk-YQ5BCTVV.js?v=5398434d:19190:13)
[ 5067794ms] ReferenceError: vineLength is not defined
    at RollingDie (http://localhost:5173/src/app/components/AiExperience.tsx?t=1783292115566:1512:21)
    at renderWithHooks (http://localhost:5173/node_modules/.vite/deps/chunk-YQ5BCTVV.js?v=5398434d:11596:26)
    at mountIndeterminateComponent (http://localhost:5173/node_modules/.vite/deps/chunk-YQ5BCTVV.js?v=5398434d:14974:21)
    at beginWork (http://localhost:5173/node_modules/.vite/deps/chunk-YQ5BCTVV.js?v=5398434d:15962:22)
    at HTMLUnknownElement.callCallback2 (http://localhost:5173/node_modules/.vite/deps/chunk-YQ5BCTVV.js?v=5398434d:3680:22)
    at Object.invokeGuardedCallbackDev (http://localhost:5173/node_modules/.vite/deps/chunk-YQ5BCTVV.js?v=5398434d:3705:24)
    at invokeGuardedCallback (http://localhost:5173/node_modules/.vite/deps/chunk-YQ5BCTVV.js?v=5398434d:3739:39)
    at beginWork$1 (http://localhost:5173/node_modules/.vite/deps/chunk-YQ5BCTVV.js?v=5398434d:19818:15)
    at performUnitOfWork (http://localhost:5173/node_modules/.vite/deps/chunk-YQ5BCTVV.js?v=5398434d:19251:20)
    at workLoopSync (http://localhost:5173/node_modules/.vite/deps/chunk-YQ5BCTVV.js?v=5398434d:19190:13)
[ 5067795ms] [ERROR] The above error occurred in the <RollingDie> component:

    at RollingDie (http://localhost:5173/src/app/components/AiExperience.tsx?t=1783292115566:1199:23)
    at div
    at section
    at JourneyStage (http://localhost:5173/src/app/components/AiExperience.tsx?t=1783292115566:338:15)
    at main
    at AiExperience (http://localhost:5173/src/app/components/AiExperience.tsx?t=1783292115566:316:3)
    at div
    at App (http://localhost:5173/src/app/App.tsx?t=1783290431700:34:30)

Consider adding an error boundary to your tree to customize error handling behavior.
Visit https://reactjs.org/link/error-boundaries to learn more about error boundaries. @ http://localhost:5173/node_modules/.vite/deps/chunk-YQ5BCTVV.js?v=5398434d:14079
[ 5067796ms] ReferenceError: vineLength is not defined
    at RollingDie (http://localhost:5173/src/app/components/AiExperience.tsx?t=1783292115566:1512:21)
    at renderWithHooks (http://localhost:5173/node_modules/.vite/deps/chunk-YQ5BCTVV.js?v=5398434d:11596:26)
    at mountIndeterminateComponent (http://localhost:5173/node_modules/.vite/deps/chunk-YQ5BCTVV.js?v=5398434d:14974:21)
    at beginWork (http://localhost:5173/node_modules/.vite/deps/chunk-YQ5BCTVV.js?v=5398434d:15962:22)
    at beginWork$1 (http://localhost:5173/node_modules/.vite/deps/chunk-YQ5BCTVV.js?v=5398434d:19806:22)
    at performUnitOfWork (http://localhost:5173/node_modules/.vite/deps/chunk-YQ5BCTVV.js?v=5398434d:19251:20)
    at workLoopSync (http://localhost:5173/node_modules/.vite/deps/chunk-YQ5BCTVV.js?v=5398434d:19190:13)
    at renderRootSync (http://localhost:5173/node_modules/.vite/deps/chunk-YQ5BCTVV.js?v=5398434d:19169:15)
    at recoverFromConcurrentError (http://localhost:5173/node_modules/.vite/deps/chunk-YQ5BCTVV.js?v=5398434d:18786:28)
    at performConcurrentWorkOnRoot (http://localhost:5173/node_modules/.vite/deps/chunk-YQ5BCTVV.js?v=5398434d:18734:30)
