[      94ms] [INFO] %cDownload the React DevTools for a better development experience: https://reactjs.org/link/react-devtools font-weight:bold @ http://localhost:5174/node_modules/.vite/deps/chunk-YQ5BCTVV.js?v=008470e5:21608
[    9000ms] [WARNING] Allow attribute will take precedence over 'allowfullscreen'. @ http://localhost:5174/node_modules/.vite/deps/chunk-YQ5BCTVV.js?v=008470e5:1270
[    9768ms] [LOG] Running frontend commit 29e500cedf3ecfec196af409505d772d2eca65a3 @ https://www.figma.com/embed/interstitial?embed_host=share&embed_path=%2Fdesign%2FJIjE307GOTQI96gbCzj0N0%2FMilo%3Fembed-host%3Dshare%26kind%3Dfile%26node-id%3D0-1%26page-selector%3D1%26theme%3Dlight%26version%3D2%26viewer%3D1&theme=light&version=2:448
[   10263ms] [LOG] Reloading the embed... reason: refreshOnReadyForEmbed @ https://www.figma.com/webpack-artifacts/assets/embed_interstitial-a54c01771fc378f0.min.js.br:85
[   10967ms] [LOG] Running frontend commit 29e500cedf3ecfec196af409505d772d2eca65a3 @ https://www.figma.com/design/JIjE307GOTQI96gbCzj0N0/Milo?embed-host=share&kind=file&node-id=0-1&page-selector=1&theme=light&version=2&viewer=1:448
[   11677ms] [WARNING] Statsig is not ready to log exposures, will retry in 1 seconds @ https://www.figma.com/webpack-artifacts/assets/embed_viewer-18a09e58c27e80c8.min.js.br:1950
[   11838ms] [ERROR] Failed to load resource: the server responded with a status of 401 () @ https://www.figma.com/api/statsig/v1_ruleset:0
[   11839ms] [ERROR] Failed to fetch v1 ruleset: G: XHR for "/api/statsig/v1_ruleset" failed with status 401
    at H (https://www.figma.com/webpack-artifacts/assets/embed_viewer-18a09e58c27e80c8.min.js.br:1799:17354)
    at async Object.K [as get] (https://www.figma.com/webpack-artifacts/assets/embed_viewer-18a09e58c27e80c8.min.js.br:1799:17751)
    at async https://www.figma.com/webpack-artifacts/assets/embed_viewer-18a09e58c27e80c8.min.js.br:1748:150058
    at async w.validate (https://www.figma.com/webpack-artifacts/assets/embed_viewer-18a09e58c27e80c8.min.js.br:1779:2471)
    at async N (https://www.figma.com/webpack-artifacts/assets/embed_viewer-18a09e58c27e80c8.min.js.br:1777:146043)
    at async O (https://www.figma.com/webpack-artifacts/assets/embed_viewer-18a09e58c27e80c8.min.js.br:1777:145247)
    at async Object.write (https://www.figma.com/webpack-artifacts/assets/embed_viewer-18a09e58c27e80c8.min.js.br:1777:144866) @ https://www.figma.com/webpack-artifacts/assets/embed_viewer-18a09e58c27e80c8.min.js.br:1950
[   11953ms] [INFO] [Fullscreen] Booting... (emscripten version 4.0.21) @ https://www.figma.com/webpack-artifacts/assets/embed_viewer-18a09e58c27e80c8.min.js.br:1950
[   12070ms] [INFO] [GPU] graphicsAPI:"WebGL 2", vendor:"Google Inc. (Apple)", renderer:"ANGLE (Apple, ANGLE Metal Renderer: Apple M3 Max, Unspecified Version)" version:"OpenGL ES 3.0 (WebGL 2.0 (OpenGL ES 3.0 Chromium))" @ https://www.figma.com/webpack-artifacts/assets/embed_viewer-18a09e58c27e80c8.min.js.br:1950
[   12072ms] [LOG] [Fullscreen] Mobile File Viewer Ready in 257.2ms @ https://www.figma.com/webpack-artifacts/assets/embed_viewer-18a09e58c27e80c8.min.js.br:1950
[   12112ms] [INFO] [MultiplayerSession] connecting to wss://www.figma.com/api/multiplayer/JIjE307GOTQI96gbCzj0N0?role=viewerWithCpp&tracking_session_id=1hvreqmxX1eXbNOc&version=152&recentReload=0&file-load-streaming-compression&scenegraph-queries-initial-nodes=0:1&client_release=29e500cedf3ecfec196af409505d772d2eca65a3 @ https://www.figma.com/webpack-artifacts/assets/embed_viewer-18a09e58c27e80c8.min.js.br:1950
[   12113ms] [LOG] Finished initializing mobile cpp viewer design @ https://www.figma.com/webpack-artifacts/assets/embed_viewer-18a09e58c27e80c8.min.js.br:1950
[   12469ms] [INFO] [MultiplayerSession] Joining file version 106 (initial load) @ https://www.figma.com/webpack-artifacts/assets/embed_viewer-18a09e58c27e80c8.min.js.br:1950
[   13807ms] [INFO] afterJoinEnd PageSyncing: Loaded incrementally {loaded_pages: 0:1} @ https://www.figma.com/webpack-artifacts/assets/embed_viewer-18a09e58c27e80c8.min.js.br:1950
[   27860ms] [LOG] Running frontend commit 29e500cedf3ecfec196af409505d772d2eca65a3 @ https://www.figma.com/embed/interstitial?embed_host=share&embed_path=%2Fslides%2FLvTMFtH8K3zEHuvjDHNDUa%2FTo-Do-App-%25E2%2580%2594-Interaction---System-Validation%3Fembed-host%3Dshare%26kind%3Dfile%26node-id%3D1-106%26page-selector%3D1%26theme%3Dlight%26version%3D2%26viewer%3D1&theme=light&version=2:448
[   28434ms] [LOG] Reloading the embed... reason: refreshOnReadyForEmbed @ https://www.figma.com/webpack-artifacts/assets/embed_interstitial-a54c01771fc378f0.min.js.br:85
[   29091ms] [LOG] Running frontend commit 29e500cedf3ecfec196af409505d772d2eca65a3 @ https://www.figma.com/slides/LvTMFtH8K3zEHuvjDHNDUa/To-Do-App-%E2%80%94-Interaction---System-Validation?embed-host=share&kind=file&node-id=1-106&page-selector=1&theme=light&version=2&viewer=1:448
[   29829ms] [WARNING] Statsig is not ready to log exposures, will retry in 1 seconds @ https://www.figma.com/webpack-artifacts/assets/embed_viewer-18a09e58c27e80c8.min.js.br:1950
[   29962ms] [ERROR] Failed to load resource: the server responded with a status of 401 () @ https://www.figma.com/api/statsig/v1_ruleset:0
[   29962ms] [ERROR] Failed to fetch v1 ruleset: G: XHR for "/api/statsig/v1_ruleset" failed with status 401
    at H (https://www.figma.com/webpack-artifacts/assets/embed_viewer-18a09e58c27e80c8.min.js.br:1799:17354)
    at async Object.K [as get] (https://www.figma.com/webpack-artifacts/assets/embed_viewer-18a09e58c27e80c8.min.js.br:1799:17751)
    at async https://www.figma.com/webpack-artifacts/assets/embed_viewer-18a09e58c27e80c8.min.js.br:1748:150058
    at async w.validate (https://www.figma.com/webpack-artifacts/assets/embed_viewer-18a09e58c27e80c8.min.js.br:1779:2471)
    at async N (https://www.figma.com/webpack-artifacts/assets/embed_viewer-18a09e58c27e80c8.min.js.br:1777:146043)
    at async O (https://www.figma.com/webpack-artifacts/assets/embed_viewer-18a09e58c27e80c8.min.js.br:1777:145247)
    at async Object.write (https://www.figma.com/webpack-artifacts/assets/embed_viewer-18a09e58c27e80c8.min.js.br:1777:144866) @ https://www.figma.com/webpack-artifacts/assets/embed_viewer-18a09e58c27e80c8.min.js.br:1950
[   30067ms] [INFO] [Fullscreen] Booting... (emscripten version 4.0.21) @ https://www.figma.com/webpack-artifacts/assets/embed_viewer-18a09e58c27e80c8.min.js.br:1950
[   30106ms] [INFO] [GPU] graphicsAPI:"WebGL 2", vendor:"Google Inc. (Apple)", renderer:"ANGLE (Apple, ANGLE Metal Renderer: Apple M3 Max, Unspecified Version)" version:"OpenGL ES 3.0 (WebGL 2.0 (OpenGL ES 3.0 Chromium))" @ https://www.figma.com/webpack-artifacts/assets/embed_viewer-18a09e58c27e80c8.min.js.br:1950
[   30107ms] [LOG] [Fullscreen] Mobile File Viewer Ready in 178.8ms @ https://www.figma.com/webpack-artifacts/assets/embed_viewer-18a09e58c27e80c8.min.js.br:1950
[   30127ms] [INFO] [MultiplayerSession] connecting to wss://www.figma.com/api/multiplayer/LvTMFtH8K3zEHuvjDHNDUa?role=viewerWithCpp&tracking_session_id=iVh3OyQG6z8WvrZx&version=152&recentReload=0&file-load-streaming-compression&scenegraph-queries-initial-nodes=1:106&client_release=29e500cedf3ecfec196af409505d772d2eca65a3 @ https://www.figma.com/webpack-artifacts/assets/embed_viewer-18a09e58c27e80c8.min.js.br:1950
[   30136ms] [LOG] Finished initializing mobile cpp viewer slides @ https://www.figma.com/webpack-artifacts/assets/embed_viewer-18a09e58c27e80c8.min.js.br:1950
[   30468ms] [INFO] [MultiplayerSession] Joining file version 106 (initial load) @ https://www.figma.com/webpack-artifacts/assets/embed_viewer-18a09e58c27e80c8.min.js.br:1950
[   30588ms] [INFO] afterJoinEnd PageSyncing: Loaded incrementally {loaded_pages: 0:1} @ https://www.figma.com/webpack-artifacts/assets/embed_viewer-18a09e58c27e80c8.min.js.br:1950
[   60131ms] Failed to parse import map: invalid JSON
[   61355ms] [LOG] Running frontend commit 29e500cedf3ecfec196af409505d772d2eca65a3 @ https://www.figma.com/embed/interstitial?embed_host=share&embed_path=%2Fdesign%2FfYwhBS4WdU21aEjBQKEGVl%2FJulio-Coraspe-Lumn%3Fembed-host%3Dshare%26kind%3Dfile%26node-id%3D0-1%26page-selector%3D1%26theme%3Dlight%26version%3D2%26viewer%3D1&theme=light&version=2:448
[   61869ms] [LOG] Reloading the embed... reason: refreshOnReadyForEmbed @ https://www.figma.com/webpack-artifacts/assets/embed_interstitial-a54c01771fc378f0.min.js.br:85
[   62582ms] [LOG] Running frontend commit 29e500cedf3ecfec196af409505d772d2eca65a3 @ https://www.figma.com/design/fYwhBS4WdU21aEjBQKEGVl/Julio-Coraspe-Lumn?embed-host=share&kind=file&node-id=0-1&page-selector=1&theme=light&version=2&viewer=1:448
[   62805ms] [WARNING] Statsig is not ready to log exposures, will retry in 1 seconds @ https://www.figma.com/webpack-artifacts/assets/embed_viewer-18a09e58c27e80c8.min.js.br:1950
[   62894ms] [WARNING] WebSocket connection to 'wss://www.figma.com/api/multiplayer/fYwhBS4WdU21aEjBQKEGVl?role=viewerWithCpp&tracking_session_id=2xvk5bb22NnG0w6S&version=152&recentReload=0&file-load-streaming-compression&client_release=29e500cedf3ecfec196af409505d772d2eca65a3' failed: WebSocket is closed before the connection is established. @ https://www.figma.com/design/fYwhBS4WdU21aEjBQKEGVl/Julio-Coraspe-Lumn?embed-host=share&kind=file&node-id=0-1&page-selector=1&theme=light&version=2&viewer=1:456
[   63054ms] [INFO] [Fullscreen] Booting... (emscripten version 4.0.21) @ https://www.figma.com/webpack-artifacts/assets/embed_viewer-18a09e58c27e80c8.min.js.br:1950
[   63091ms] [INFO] [GPU] graphicsAPI:"WebGL 2", vendor:"Google Inc. (Apple)", renderer:"ANGLE (Apple, ANGLE Metal Renderer: Apple M3 Max, Unspecified Version)" version:"OpenGL ES 3.0 (WebGL 2.0 (OpenGL ES 3.0 Chromium))" @ https://www.figma.com/webpack-artifacts/assets/embed_viewer-18a09e58c27e80c8.min.js.br:1950
[   63092ms] [LOG] [Fullscreen] Mobile File Viewer Ready in 187.9ms @ https://www.figma.com/webpack-artifacts/assets/embed_viewer-18a09e58c27e80c8.min.js.br:1950
[   63112ms] [INFO] [MultiplayerSession] connecting to wss://www.figma.com/api/multiplayer/fYwhBS4WdU21aEjBQKEGVl?role=viewerWithCpp&tracking_session_id=2xvk5bb22NnG0w6S&version=152&recentReload=0&file-load-streaming-compression&scenegraph-queries-initial-nodes=0:1&client_release=29e500cedf3ecfec196af409505d772d2eca65a3 @ https://www.figma.com/webpack-artifacts/assets/embed_viewer-18a09e58c27e80c8.min.js.br:1950
[   63113ms] [LOG] Finished initializing mobile cpp viewer design @ https://www.figma.com/webpack-artifacts/assets/embed_viewer-18a09e58c27e80c8.min.js.br:1950
[   63116ms] [ERROR] Failed to load resource: the server responded with a status of 401 () @ https://www.figma.com/api/statsig/v1_ruleset:0
[   63116ms] [ERROR] Failed to fetch v1 ruleset: G: XHR for "/api/statsig/v1_ruleset" failed with status 401
    at H (https://www.figma.com/webpack-artifacts/assets/embed_viewer-18a09e58c27e80c8.min.js.br:1799:17354)
    at async Object.K [as get] (https://www.figma.com/webpack-artifacts/assets/embed_viewer-18a09e58c27e80c8.min.js.br:1799:17751)
    at async https://www.figma.com/webpack-artifacts/assets/embed_viewer-18a09e58c27e80c8.min.js.br:1748:150058
    at async w.validate (https://www.figma.com/webpack-artifacts/assets/embed_viewer-18a09e58c27e80c8.min.js.br:1779:2471)
    at async N (https://www.figma.com/webpack-artifacts/assets/embed_viewer-18a09e58c27e80c8.min.js.br:1777:146043)
    at async O (https://www.figma.com/webpack-artifacts/assets/embed_viewer-18a09e58c27e80c8.min.js.br:1777:145247)
    at async Object.write (https://www.figma.com/webpack-artifacts/assets/embed_viewer-18a09e58c27e80c8.min.js.br:1777:144866) @ https://www.figma.com/webpack-artifacts/assets/embed_viewer-18a09e58c27e80c8.min.js.br:1950
[   63529ms] [INFO] [MultiplayerSession] Joining file version 106 (initial load) @ https://www.figma.com/webpack-artifacts/assets/embed_viewer-18a09e58c27e80c8.min.js.br:1950
[   63719ms] [INFO] afterJoinEnd PageSyncing: Loaded incrementally {loaded_pages: 0:1} @ https://www.figma.com/webpack-artifacts/assets/embed_viewer-18a09e58c27e80c8.min.js.br:1950
[   64685ms] Failed to parse import map: invalid JSON
[   74806ms] Failed to parse import map: invalid JSON
[   75487ms] [LOG] Running frontend commit 29e500cedf3ecfec196af409505d772d2eca65a3 @ https://www.figma.com/embed/interstitial?embed_host=share&embed_path=%2Fdesign%2FfYwhBS4WdU21aEjBQKEGVl%2FJulio-Coraspe-Lumn%3Fembed-host%3Dshare%26kind%3Dfile%26node-id%3D0-1%26page-selector%3D1%26theme%3Dlight%26version%3D2%26viewer%3D1&theme=light&version=2:448
[   76086ms] [LOG] Reloading the embed... reason: refreshOnReadyForEmbed @ https://www.figma.com/webpack-artifacts/assets/embed_interstitial-a54c01771fc378f0.min.js.br:85
[   76811ms] [LOG] Running frontend commit 29e500cedf3ecfec196af409505d772d2eca65a3 @ https://www.figma.com/design/fYwhBS4WdU21aEjBQKEGVl/Julio-Coraspe-Lumn?embed-host=share&kind=file&node-id=0-1&page-selector=1&theme=light&version=2&viewer=1:448
[   77030ms] [WARNING] Statsig is not ready to log exposures, will retry in 1 seconds @ https://www.figma.com/webpack-artifacts/assets/embed_viewer-18a09e58c27e80c8.min.js.br:1950
[   77119ms] [WARNING] WebSocket connection to 'wss://www.figma.com/api/multiplayer/fYwhBS4WdU21aEjBQKEGVl?role=viewerWithCpp&tracking_session_id=yRmdiRj2UKJTnMl5&version=152&recentReload=0&file-load-streaming-compression&client_release=29e500cedf3ecfec196af409505d772d2eca65a3' failed: WebSocket is closed before the connection is established. @ https://www.figma.com/design/fYwhBS4WdU21aEjBQKEGVl/Julio-Coraspe-Lumn?embed-host=share&kind=file&node-id=0-1&page-selector=1&theme=light&version=2&viewer=1:456
[   77177ms] [ERROR] Failed to load resource: the server responded with a status of 401 () @ https://www.figma.com/api/statsig/v1_ruleset:0
[   77178ms] [ERROR] Failed to fetch v1 ruleset: G: XHR for "/api/statsig/v1_ruleset" failed with status 401
    at H (https://www.figma.com/webpack-artifacts/assets/embed_viewer-18a09e58c27e80c8.min.js.br:1799:17354)
    at async Object.K [as get] (https://www.figma.com/webpack-artifacts/assets/embed_viewer-18a09e58c27e80c8.min.js.br:1799:17751)
    at async https://www.figma.com/webpack-artifacts/assets/embed_viewer-18a09e58c27e80c8.min.js.br:1748:150058
    at async w.validate (https://www.figma.com/webpack-artifacts/assets/embed_viewer-18a09e58c27e80c8.min.js.br:1779:2471)
    at async N (https://www.figma.com/webpack-artifacts/assets/embed_viewer-18a09e58c27e80c8.min.js.br:1777:146043)
    at async O (https://www.figma.com/webpack-artifacts/assets/embed_viewer-18a09e58c27e80c8.min.js.br:1777:145247)
    at async Object.write (https://www.figma.com/webpack-artifacts/assets/embed_viewer-18a09e58c27e80c8.min.js.br:1777:144866) @ https://www.figma.com/webpack-artifacts/assets/embed_viewer-18a09e58c27e80c8.min.js.br:1950
[   77278ms] [INFO] [Fullscreen] Booting... (emscripten version 4.0.21) @ https://www.figma.com/webpack-artifacts/assets/embed_viewer-18a09e58c27e80c8.min.js.br:1950
[   77316ms] [INFO] [GPU] graphicsAPI:"WebGL 2", vendor:"Google Inc. (Apple)", renderer:"ANGLE (Apple, ANGLE Metal Renderer: Apple M3 Max, Unspecified Version)" version:"OpenGL ES 3.0 (WebGL 2.0 (OpenGL ES 3.0 Chromium))" @ https://www.figma.com/webpack-artifacts/assets/embed_viewer-18a09e58c27e80c8.min.js.br:1950
[   77317ms] [LOG] [Fullscreen] Mobile File Viewer Ready in 188.3ms @ https://www.figma.com/webpack-artifacts/assets/embed_viewer-18a09e58c27e80c8.min.js.br:1950
[   77339ms] [INFO] [MultiplayerSession] connecting to wss://www.figma.com/api/multiplayer/fYwhBS4WdU21aEjBQKEGVl?role=viewerWithCpp&tracking_session_id=yRmdiRj2UKJTnMl5&version=152&recentReload=0&file-load-streaming-compression&scenegraph-queries-initial-nodes=0:1&client_release=29e500cedf3ecfec196af409505d772d2eca65a3 @ https://www.figma.com/webpack-artifacts/assets/embed_viewer-18a09e58c27e80c8.min.js.br:1950
[   77340ms] [LOG] Finished initializing mobile cpp viewer design @ https://www.figma.com/webpack-artifacts/assets/embed_viewer-18a09e58c27e80c8.min.js.br:1950
[   77837ms] [INFO] [MultiplayerSession] Joining file version 106 (initial load) @ https://www.figma.com/webpack-artifacts/assets/embed_viewer-18a09e58c27e80c8.min.js.br:1950
[   77976ms] [INFO] afterJoinEnd PageSyncing: Loaded incrementally {loaded_pages: 0:1} @ https://www.figma.com/webpack-artifacts/assets/embed_viewer-18a09e58c27e80c8.min.js.br:1950
[   77119ms] [WARNING] WebSocket connection to 'wss://www.figma.com/api/multiplayer/fYwhBS4WdU21aEjBQKEGVl?role=viewerWithCpp&tracking_session_id=yRmdiRj2UKJTnMl5&version=152&recentReload=0&file-load-streaming-compression&client_release=29e500cedf3ecfec196af409505d772d2eca65a3' failed: WebSocket is closed before the connection is established. @ https://www.figma.com/design/fYwhBS4WdU21aEjBQKEGVl/Julio-Coraspe-Lumn?embed-host=share&kind=file&node-id=0-1&page-selector=1&theme=light&version=2&viewer=1:456
[   77177ms] [ERROR] Failed to load resource: the server responded with a status of 401 () @ https://www.figma.com/api/statsig/v1_ruleset:0
[   93108ms] [LOG] Running frontend commit 29e500cedf3ecfec196af409505d772d2eca65a3 @ https://www.figma.com/embed/interstitial?embed_host=share&embed_path=%2Fslides%2FLvTMFtH8K3zEHuvjDHNDUa%2FTo-Do-App-%25E2%2580%2594-Interaction---System-Validation%3Fembed-host%3Dshare%26kind%3Dfile%26node-id%3D1-106%26page-selector%3D1%26theme%3Dlight%26version%3D2%26viewer%3D1&theme=light&version=2:448
[   93696ms] [LOG] Reloading the embed... reason: refreshOnReadyForEmbed @ https://www.figma.com/webpack-artifacts/assets/embed_interstitial-a54c01771fc378f0.min.js.br:85
[   94392ms] [LOG] Running frontend commit 29e500cedf3ecfec196af409505d772d2eca65a3 @ https://www.figma.com/slides/LvTMFtH8K3zEHuvjDHNDUa/To-Do-App-%E2%80%94-Interaction---System-Validation?embed-host=share&kind=file&node-id=1-106&page-selector=1&theme=light&version=2&viewer=1:448
[   94595ms] [WARNING] Statsig is not ready to log exposures, will retry in 1 seconds @ https://www.figma.com/webpack-artifacts/assets/embed_viewer-18a09e58c27e80c8.min.js.br:1950
[   94686ms] [WARNING] WebSocket connection to 'wss://www.figma.com/api/multiplayer/LvTMFtH8K3zEHuvjDHNDUa?role=viewerWithCpp&tracking_session_id=U2mM157Pywr6QusD&version=152&recentReload=0&file-load-streaming-compression&client_release=29e500cedf3ecfec196af409505d772d2eca65a3' failed: WebSocket is closed before the connection is established. @ https://www.figma.com/slides/LvTMFtH8K3zEHuvjDHNDUa/To-Do-App-%E2%80%94-Interaction---System-Validation?embed-host=share&kind=file&node-id=1-106&page-selector=1&theme=light&version=2&viewer=1:456
[   94725ms] [ERROR] Failed to load resource: the server responded with a status of 401 () @ https://www.figma.com/api/statsig/v1_ruleset:0
[   94726ms] [ERROR] Failed to fetch v1 ruleset: G: XHR for "/api/statsig/v1_ruleset" failed with status 401
    at H (https://www.figma.com/webpack-artifacts/assets/embed_viewer-18a09e58c27e80c8.min.js.br:1799:17354)
    at async Object.K [as get] (https://www.figma.com/webpack-artifacts/assets/embed_viewer-18a09e58c27e80c8.min.js.br:1799:17751)
    at async https://www.figma.com/webpack-artifacts/assets/embed_viewer-18a09e58c27e80c8.min.js.br:1748:150058
    at async w.validate (https://www.figma.com/webpack-artifacts/assets/embed_viewer-18a09e58c27e80c8.min.js.br:1779:2471)
    at async N (https://www.figma.com/webpack-artifacts/assets/embed_viewer-18a09e58c27e80c8.min.js.br:1777:146043)
    at async O (https://www.figma.com/webpack-artifacts/assets/embed_viewer-18a09e58c27e80c8.min.js.br:1777:145247)
    at async Object.write (https://www.figma.com/webpack-artifacts/assets/embed_viewer-18a09e58c27e80c8.min.js.br:1777:144866) @ https://www.figma.com/webpack-artifacts/assets/embed_viewer-18a09e58c27e80c8.min.js.br:1950
[   94833ms] [INFO] [Fullscreen] Booting... (emscripten version 4.0.21) @ https://www.figma.com/webpack-artifacts/assets/embed_viewer-18a09e58c27e80c8.min.js.br:1950
[   94871ms] [INFO] [GPU] graphicsAPI:"WebGL 2", vendor:"Google Inc. (Apple)", renderer:"ANGLE (Apple, ANGLE Metal Renderer: Apple M3 Max, Unspecified Version)" version:"OpenGL ES 3.0 (WebGL 2.0 (OpenGL ES 3.0 Chromium))" @ https://www.figma.com/webpack-artifacts/assets/embed_viewer-18a09e58c27e80c8.min.js.br:1950
[   94872ms] [LOG] [Fullscreen] Mobile File Viewer Ready in 176.7ms @ https://www.figma.com/webpack-artifacts/assets/embed_viewer-18a09e58c27e80c8.min.js.br:1950
[   94892ms] [INFO] [MultiplayerSession] connecting to wss://www.figma.com/api/multiplayer/LvTMFtH8K3zEHuvjDHNDUa?role=viewerWithCpp&tracking_session_id=U2mM157Pywr6QusD&version=152&recentReload=0&file-load-streaming-compression&scenegraph-queries-initial-nodes=1:106&client_release=29e500cedf3ecfec196af409505d772d2eca65a3 @ https://www.figma.com/webpack-artifacts/assets/embed_viewer-18a09e58c27e80c8.min.js.br:1950
[   94900ms] [LOG] Finished initializing mobile cpp viewer slides @ https://www.figma.com/webpack-artifacts/assets/embed_viewer-18a09e58c27e80c8.min.js.br:1950
[   95192ms] [INFO] [MultiplayerSession] Joining file version 106 (initial load) @ https://www.figma.com/webpack-artifacts/assets/embed_viewer-18a09e58c27e80c8.min.js.br:1950
[   95231ms] [INFO] afterJoinEnd PageSyncing: Loaded incrementally {loaded_pages: 0:1} @ https://www.figma.com/webpack-artifacts/assets/embed_viewer-18a09e58c27e80c8.min.js.br:1950
[   77119ms] [WARNING] WebSocket connection to 'wss://www.figma.com/api/multiplayer/fYwhBS4WdU21aEjBQKEGVl?role=viewerWithCpp&tracking_session_id=yRmdiRj2UKJTnMl5&version=152&recentReload=0&file-load-streaming-compression&client_release=29e500cedf3ecfec196af409505d772d2eca65a3' failed: WebSocket is closed before the connection is established. @ https://www.figma.com/design/fYwhBS4WdU21aEjBQKEGVl/Julio-Coraspe-Lumn?embed-host=share&kind=file&node-id=0-1&page-selector=1&theme=light&version=2&viewer=1:456
[   77177ms] [ERROR] Failed to load resource: the server responded with a status of 401 () @ https://www.figma.com/api/statsig/v1_ruleset:0
[   94686ms] [WARNING] WebSocket connection to 'wss://www.figma.com/api/multiplayer/LvTMFtH8K3zEHuvjDHNDUa?role=viewerWithCpp&tracking_session_id=U2mM157Pywr6QusD&version=152&recentReload=0&file-load-streaming-compression&client_release=29e500cedf3ecfec196af409505d772d2eca65a3' failed: WebSocket is closed before the connection is established. @ https://www.figma.com/slides/LvTMFtH8K3zEHuvjDHNDUa/To-Do-App-%E2%80%94-Interaction---System-Validation?embed-host=share&kind=file&node-id=1-106&page-selector=1&theme=light&version=2&viewer=1:456
[   94725ms] [ERROR] Failed to load resource: the server responded with a status of 401 () @ https://www.figma.com/api/statsig/v1_ruleset:0
[   96251ms] [LOG] Running frontend commit 29e500cedf3ecfec196af409505d772d2eca65a3 @ https://www.figma.com/embed/interstitial?embed_host=share&embed_path=%2Fdesign%2Fj53F6cGj6FfpQISnyeSRMd%2FSTILLEN-by-Julio-Coraspe%3Fembed-host%3Dshare%26kind%3Dfile%26node-id%3D277-5077%26page-selector%3D1%26theme%3Dlight%26version%3D2%26viewer%3D1&theme=light&version=2:448
[   96826ms] [LOG] Reloading the embed... reason: refreshOnReadyForEmbed @ https://www.figma.com/webpack-artifacts/assets/embed_interstitial-a54c01771fc378f0.min.js.br:85
[   97626ms] [LOG] Running frontend commit 29e500cedf3ecfec196af409505d772d2eca65a3 @ https://www.figma.com/design/j53F6cGj6FfpQISnyeSRMd/STILLEN-by-Julio-Coraspe?embed-host=share&kind=file&node-id=277-5077&page-selector=1&theme=light&version=2&viewer=1:448
[   97808ms] [WARNING] Statsig is not ready to log exposures, will retry in 1 seconds @ https://www.figma.com/webpack-artifacts/assets/embed_viewer-18a09e58c27e80c8.min.js.br:1950
[   97899ms] [WARNING] WebSocket connection to 'wss://www.figma.com/api/multiplayer/j53F6cGj6FfpQISnyeSRMd?role=viewerWithCpp&tracking_session_id=PR93ENuGjHm37N9U&version=152&recentReload=0&file-load-streaming-compression&client_release=29e500cedf3ecfec196af409505d772d2eca65a3' failed: WebSocket is closed before the connection is established. @ https://www.figma.com/design/j53F6cGj6FfpQISnyeSRMd/STILLEN-by-Julio-Coraspe?embed-host=share&kind=file&node-id=277-5077&page-selector=1&theme=light&version=2&viewer=1:456
[   97936ms] [ERROR] Failed to load resource: the server responded with a status of 401 () @ https://www.figma.com/api/statsig/v1_ruleset:0
[   97937ms] [ERROR] Failed to fetch v1 ruleset: G: XHR for "/api/statsig/v1_ruleset" failed with status 401
    at H (https://www.figma.com/webpack-artifacts/assets/embed_viewer-18a09e58c27e80c8.min.js.br:1799:17354)
    at async Object.K [as get] (https://www.figma.com/webpack-artifacts/assets/embed_viewer-18a09e58c27e80c8.min.js.br:1799:17751)
    at async https://www.figma.com/webpack-artifacts/assets/embed_viewer-18a09e58c27e80c8.min.js.br:1748:150058
    at async w.validate (https://www.figma.com/webpack-artifacts/assets/embed_viewer-18a09e58c27e80c8.min.js.br:1779:2471)
    at async N (https://www.figma.com/webpack-artifacts/assets/embed_viewer-18a09e58c27e80c8.min.js.br:1777:146043)
    at async O (https://www.figma.com/webpack-artifacts/assets/embed_viewer-18a09e58c27e80c8.min.js.br:1777:145247)
    at async Object.write (https://www.figma.com/webpack-artifacts/assets/embed_viewer-18a09e58c27e80c8.min.js.br:1777:144866) @ https://www.figma.com/webpack-artifacts/assets/embed_viewer-18a09e58c27e80c8.min.js.br:1950
[   98046ms] [INFO] [Fullscreen] Booting... (emscripten version 4.0.21) @ https://www.figma.com/webpack-artifacts/assets/embed_viewer-18a09e58c27e80c8.min.js.br:1950
[   98083ms] [INFO] [GPU] graphicsAPI:"WebGL 2", vendor:"Google Inc. (Apple)", renderer:"ANGLE (Apple, ANGLE Metal Renderer: Apple M3 Max, Unspecified Version)" version:"OpenGL ES 3.0 (WebGL 2.0 (OpenGL ES 3.0 Chromium))" @ https://www.figma.com/webpack-artifacts/assets/embed_viewer-18a09e58c27e80c8.min.js.br:1950
[   98084ms] [LOG] [Fullscreen] Mobile File Viewer Ready in 176.8ms @ https://www.figma.com/webpack-artifacts/assets/embed_viewer-18a09e58c27e80c8.min.js.br:1950
[   98102ms] [INFO] [MultiplayerSession] connecting to wss://www.figma.com/api/multiplayer/j53F6cGj6FfpQISnyeSRMd?role=viewerWithCpp&tracking_session_id=PR93ENuGjHm37N9U&version=152&recentReload=0&file-load-streaming-compression&scenegraph-queries-initial-nodes=277:5077&client_release=29e500cedf3ecfec196af409505d772d2eca65a3 @ https://www.figma.com/webpack-artifacts/assets/embed_viewer-18a09e58c27e80c8.min.js.br:1950
[   98103ms] [LOG] Finished initializing mobile cpp viewer design @ https://www.figma.com/webpack-artifacts/assets/embed_viewer-18a09e58c27e80c8.min.js.br:1950
[   98528ms] [INFO] [MultiplayerSession] Joining file version 106 (initial load) @ https://www.figma.com/webpack-artifacts/assets/embed_viewer-18a09e58c27e80c8.min.js.br:1950
[   98777ms] [INFO] afterJoinEnd PageSyncing: Loaded incrementally {loaded_pages: 277:5077} @ https://www.figma.com/webpack-artifacts/assets/embed_viewer-18a09e58c27e80c8.min.js.br:1950
[   77119ms] [WARNING] WebSocket connection to 'wss://www.figma.com/api/multiplayer/fYwhBS4WdU21aEjBQKEGVl?role=viewerWithCpp&tracking_session_id=yRmdiRj2UKJTnMl5&version=152&recentReload=0&file-load-streaming-compression&client_release=29e500cedf3ecfec196af409505d772d2eca65a3' failed: WebSocket is closed before the connection is established. @ https://www.figma.com/design/fYwhBS4WdU21aEjBQKEGVl/Julio-Coraspe-Lumn?embed-host=share&kind=file&node-id=0-1&page-selector=1&theme=light&version=2&viewer=1:456
[   77177ms] [ERROR] Failed to load resource: the server responded with a status of 401 () @ https://www.figma.com/api/statsig/v1_ruleset:0
[   94686ms] [WARNING] WebSocket connection to 'wss://www.figma.com/api/multiplayer/LvTMFtH8K3zEHuvjDHNDUa?role=viewerWithCpp&tracking_session_id=U2mM157Pywr6QusD&version=152&recentReload=0&file-load-streaming-compression&client_release=29e500cedf3ecfec196af409505d772d2eca65a3' failed: WebSocket is closed before the connection is established. @ https://www.figma.com/slides/LvTMFtH8K3zEHuvjDHNDUa/To-Do-App-%E2%80%94-Interaction---System-Validation?embed-host=share&kind=file&node-id=1-106&page-selector=1&theme=light&version=2&viewer=1:456
[   94725ms] [ERROR] Failed to load resource: the server responded with a status of 401 () @ https://www.figma.com/api/statsig/v1_ruleset:0
[   97899ms] [WARNING] WebSocket connection to 'wss://www.figma.com/api/multiplayer/j53F6cGj6FfpQISnyeSRMd?role=viewerWithCpp&tracking_session_id=PR93ENuGjHm37N9U&version=152&recentReload=0&file-load-streaming-compression&client_release=29e500cedf3ecfec196af409505d772d2eca65a3' failed: WebSocket is closed before the connection is established. @ https://www.figma.com/design/j53F6cGj6FfpQISnyeSRMd/STILLEN-by-Julio-Coraspe?embed-host=share&kind=file&node-id=277-5077&page-selector=1&theme=light&version=2&viewer=1:456
[   97936ms] [ERROR] Failed to load resource: the server responded with a status of 401 () @ https://www.figma.com/api/statsig/v1_ruleset:0
[  104239ms] [LOG] Running frontend commit 29e500cedf3ecfec196af409505d772d2eca65a3 @ https://www.figma.com/embed/interstitial?embed_host=share&embed_path=%2Fdesign%2FJIjE307GOTQI96gbCzj0N0%2FMilo%3Fembed-host%3Dshare%26kind%3Dfile%26node-id%3D0-1%26page-selector%3D1%26theme%3Dlight%26version%3D2%26viewer%3D1&theme=light&version=2:448
[  104750ms] [LOG] Reloading the embed... reason: refreshOnReadyForEmbed @ https://www.figma.com/webpack-artifacts/assets/embed_interstitial-a54c01771fc378f0.min.js.br:85
[  105348ms] [ERROR] Error: <path> attribute d: Expected moveto path command ('M' or 'm'), "undefined". @ https://juliocoraspe.github.io/Milo/assets/index-MylASv9j.js:47
[  105348ms] [ERROR] Error: <path> attribute d: Expected moveto path command ('M' or 'm'), "undefined". @ https://juliocoraspe.github.io/Milo/assets/index-MylASv9j.js:47
[  105348ms] [ERROR] Error: <path> attribute d: Expected moveto path command ('M' or 'm'), "undefined". @ https://juliocoraspe.github.io/Milo/assets/index-MylASv9j.js:47
[   77119ms] [WARNING] WebSocket connection to 'wss://www.figma.com/api/multiplayer/fYwhBS4WdU21aEjBQKEGVl?role=viewerWithCpp&tracking_session_id=yRmdiRj2UKJTnMl5&version=152&recentReload=0&file-load-streaming-compression&client_release=29e500cedf3ecfec196af409505d772d2eca65a3' failed: WebSocket is closed before the connection is established. @ https://www.figma.com/design/fYwhBS4WdU21aEjBQKEGVl/Julio-Coraspe-Lumn?embed-host=share&kind=file&node-id=0-1&page-selector=1&theme=light&version=2&viewer=1:456
[   77177ms] [ERROR] Failed to load resource: the server responded with a status of 401 () @ https://www.figma.com/api/statsig/v1_ruleset:0
[   94686ms] [WARNING] WebSocket connection to 'wss://www.figma.com/api/multiplayer/LvTMFtH8K3zEHuvjDHNDUa?role=viewerWithCpp&tracking_session_id=U2mM157Pywr6QusD&version=152&recentReload=0&file-load-streaming-compression&client_release=29e500cedf3ecfec196af409505d772d2eca65a3' failed: WebSocket is closed before the connection is established. @ https://www.figma.com/slides/LvTMFtH8K3zEHuvjDHNDUa/To-Do-App-%E2%80%94-Interaction---System-Validation?embed-host=share&kind=file&node-id=1-106&page-selector=1&theme=light&version=2&viewer=1:456
[   94725ms] [ERROR] Failed to load resource: the server responded with a status of 401 () @ https://www.figma.com/api/statsig/v1_ruleset:0
[   97899ms] [WARNING] WebSocket connection to 'wss://www.figma.com/api/multiplayer/j53F6cGj6FfpQISnyeSRMd?role=viewerWithCpp&tracking_session_id=PR93ENuGjHm37N9U&version=152&recentReload=0&file-load-streaming-compression&client_release=29e500cedf3ecfec196af409505d772d2eca65a3' failed: WebSocket is closed before the connection is established. @ https://www.figma.com/design/j53F6cGj6FfpQISnyeSRMd/STILLEN-by-Julio-Coraspe?embed-host=share&kind=file&node-id=277-5077&page-selector=1&theme=light&version=2&viewer=1:456
[   97936ms] [ERROR] Failed to load resource: the server responded with a status of 401 () @ https://www.figma.com/api/statsig/v1_ruleset:0
[  106918ms] [LOG] Running frontend commit 29e500cedf3ecfec196af409505d772d2eca65a3 @ https://www.figma.com/embed/interstitial?embed_host=share&embed_path=%2Fdesign%2FJIjE307GOTQI96gbCzj0N0%2FMilo%3Fembed-host%3Dshare%26kind%3Dfile%26node-id%3D0-1%26page-selector%3D1%26theme%3Dlight%26version%3D2%26viewer%3D1&theme=light&version=2:448
[  107433ms] [LOG] Reloading the embed... reason: refreshOnReadyForEmbed @ https://www.figma.com/webpack-artifacts/assets/embed_interstitial-a54c01771fc378f0.min.js.br:85
[  108132ms] [LOG] Running frontend commit 29e500cedf3ecfec196af409505d772d2eca65a3 @ https://www.figma.com/design/JIjE307GOTQI96gbCzj0N0/Milo?embed-host=share&kind=file&node-id=0-1&page-selector=1&theme=light&version=2&viewer=1:448
[  108311ms] [WARNING] Statsig is not ready to log exposures, will retry in 1 seconds @ https://www.figma.com/webpack-artifacts/assets/embed_viewer-18a09e58c27e80c8.min.js.br:1950
[  108404ms] [WARNING] WebSocket connection to 'wss://www.figma.com/api/multiplayer/JIjE307GOTQI96gbCzj0N0?role=viewerWithCpp&tracking_session_id=yqhx6EuzC1jHSKvq&version=152&recentReload=0&file-load-streaming-compression&client_release=29e500cedf3ecfec196af409505d772d2eca65a3' failed: WebSocket is closed before the connection is established. @ https://www.figma.com/design/JIjE307GOTQI96gbCzj0N0/Milo?embed-host=share&kind=file&node-id=0-1&page-selector=1&theme=light&version=2&viewer=1:456
[  108547ms] [INFO] [Fullscreen] Booting... (emscripten version 4.0.21) @ https://www.figma.com/webpack-artifacts/assets/embed_viewer-18a09e58c27e80c8.min.js.br:1950
[  108583ms] [INFO] [GPU] graphicsAPI:"WebGL 2", vendor:"Google Inc. (Apple)", renderer:"ANGLE (Apple, ANGLE Metal Renderer: Apple M3 Max, Unspecified Version)" version:"OpenGL ES 3.0 (WebGL 2.0 (OpenGL ES 3.0 Chromium))" @ https://www.figma.com/webpack-artifacts/assets/embed_viewer-18a09e58c27e80c8.min.js.br:1950
[  108584ms] [LOG] [Fullscreen] Mobile File Viewer Ready in 171.4ms @ https://www.figma.com/webpack-artifacts/assets/embed_viewer-18a09e58c27e80c8.min.js.br:1950
[  108604ms] [INFO] [MultiplayerSession] connecting to wss://www.figma.com/api/multiplayer/JIjE307GOTQI96gbCzj0N0?role=viewerWithCpp&tracking_session_id=yqhx6EuzC1jHSKvq&version=152&recentReload=0&file-load-streaming-compression&scenegraph-queries-initial-nodes=0:1&client_release=29e500cedf3ecfec196af409505d772d2eca65a3 @ https://www.figma.com/webpack-artifacts/assets/embed_viewer-18a09e58c27e80c8.min.js.br:1950
[  108605ms] [LOG] Finished initializing mobile cpp viewer design @ https://www.figma.com/webpack-artifacts/assets/embed_viewer-18a09e58c27e80c8.min.js.br:1950
[  108606ms] [ERROR] Failed to load resource: the server responded with a status of 401 () @ https://www.figma.com/api/statsig/v1_ruleset:0
[  108607ms] [ERROR] Failed to fetch v1 ruleset: G: XHR for "/api/statsig/v1_ruleset" failed with status 401
    at H (https://www.figma.com/webpack-artifacts/assets/embed_viewer-18a09e58c27e80c8.min.js.br:1799:17354)
    at async Object.K [as get] (https://www.figma.com/webpack-artifacts/assets/embed_viewer-18a09e58c27e80c8.min.js.br:1799:17751)
    at async https://www.figma.com/webpack-artifacts/assets/embed_viewer-18a09e58c27e80c8.min.js.br:1748:150058
    at async w.validate (https://www.figma.com/webpack-artifacts/assets/embed_viewer-18a09e58c27e80c8.min.js.br:1779:2471)
    at async N (https://www.figma.com/webpack-artifacts/assets/embed_viewer-18a09e58c27e80c8.min.js.br:1777:146043)
    at async O (https://www.figma.com/webpack-artifacts/assets/embed_viewer-18a09e58c27e80c8.min.js.br:1777:145247)
    at async Object.write (https://www.figma.com/webpack-artifacts/assets/embed_viewer-18a09e58c27e80c8.min.js.br:1777:144866) @ https://www.figma.com/webpack-artifacts/assets/embed_viewer-18a09e58c27e80c8.min.js.br:1950
[  108983ms] [INFO] [MultiplayerSession] Joining file version 106 (initial load) @ https://www.figma.com/webpack-artifacts/assets/embed_viewer-18a09e58c27e80c8.min.js.br:1950
[  109114ms] [INFO] afterJoinEnd PageSyncing: Loaded incrementally {loaded_pages: 0:1} @ https://www.figma.com/webpack-artifacts/assets/embed_viewer-18a09e58c27e80c8.min.js.br:1950
[  215086ms] Failed to parse import map: invalid JSON
[   77119ms] [WARNING] WebSocket connection to 'wss://www.figma.com/api/multiplayer/fYwhBS4WdU21aEjBQKEGVl?role=viewerWithCpp&tracking_session_id=yRmdiRj2UKJTnMl5&version=152&recentReload=0&file-load-streaming-compression&client_release=29e500cedf3ecfec196af409505d772d2eca65a3' failed: WebSocket is closed before the connection is established. @ https://www.figma.com/design/fYwhBS4WdU21aEjBQKEGVl/Julio-Coraspe-Lumn?embed-host=share&kind=file&node-id=0-1&page-selector=1&theme=light&version=2&viewer=1:456
[   77177ms] [ERROR] Failed to load resource: the server responded with a status of 401 () @ https://www.figma.com/api/statsig/v1_ruleset:0
[   94686ms] [WARNING] WebSocket connection to 'wss://www.figma.com/api/multiplayer/LvTMFtH8K3zEHuvjDHNDUa?role=viewerWithCpp&tracking_session_id=U2mM157Pywr6QusD&version=152&recentReload=0&file-load-streaming-compression&client_release=29e500cedf3ecfec196af409505d772d2eca65a3' failed: WebSocket is closed before the connection is established. @ https://www.figma.com/slides/LvTMFtH8K3zEHuvjDHNDUa/To-Do-App-%E2%80%94-Interaction---System-Validation?embed-host=share&kind=file&node-id=1-106&page-selector=1&theme=light&version=2&viewer=1:456
[   94725ms] [ERROR] Failed to load resource: the server responded with a status of 401 () @ https://www.figma.com/api/statsig/v1_ruleset:0
[   97899ms] [WARNING] WebSocket connection to 'wss://www.figma.com/api/multiplayer/j53F6cGj6FfpQISnyeSRMd?role=viewerWithCpp&tracking_session_id=PR93ENuGjHm37N9U&version=152&recentReload=0&file-load-streaming-compression&client_release=29e500cedf3ecfec196af409505d772d2eca65a3' failed: WebSocket is closed before the connection is established. @ https://www.figma.com/design/j53F6cGj6FfpQISnyeSRMd/STILLEN-by-Julio-Coraspe?embed-host=share&kind=file&node-id=277-5077&page-selector=1&theme=light&version=2&viewer=1:456
[   97936ms] [ERROR] Failed to load resource: the server responded with a status of 401 () @ https://www.figma.com/api/statsig/v1_ruleset:0
[  108404ms] [WARNING] WebSocket connection to 'wss://www.figma.com/api/multiplayer/JIjE307GOTQI96gbCzj0N0?role=viewerWithCpp&tracking_session_id=yqhx6EuzC1jHSKvq&version=152&recentReload=0&file-load-streaming-compression&client_release=29e500cedf3ecfec196af409505d772d2eca65a3' failed: WebSocket is closed before the connection is established. @ https://www.figma.com/design/JIjE307GOTQI96gbCzj0N0/Milo?embed-host=share&kind=file&node-id=0-1&page-selector=1&theme=light&version=2&viewer=1:456
[  108606ms] [ERROR] Failed to load resource: the server responded with a status of 401 () @ https://www.figma.com/api/statsig/v1_ruleset:0
[  216719ms] [LOG] Running frontend commit 29e500cedf3ecfec196af409505d772d2eca65a3 @ https://www.figma.com/embed/interstitial?embed_host=share&embed_path=%2Fdesign%2FfYwhBS4WdU21aEjBQKEGVl%2FJulio-Coraspe-Lumn%3Fembed-host%3Dshare%26kind%3Dfile%26node-id%3D0-1%26page-selector%3D1%26theme%3Dlight%26version%3D2%26viewer%3D1&theme=light&version=2:448
[  217293ms] [LOG] Reloading the embed... reason: refreshOnReadyForEmbed @ https://www.figma.com/webpack-artifacts/assets/embed_interstitial-a54c01771fc378f0.min.js.br:85
[  217886ms] [LOG] Running frontend commit 29e500cedf3ecfec196af409505d772d2eca65a3 @ https://www.figma.com/design/fYwhBS4WdU21aEjBQKEGVl/Julio-Coraspe-Lumn?embed-host=share&kind=file&node-id=0-1&page-selector=1&theme=light&version=2&viewer=1:448
[  218074ms] [WARNING] Statsig is not ready to log exposures, will retry in 1 seconds @ https://www.figma.com/webpack-artifacts/assets/embed_viewer-18a09e58c27e80c8.min.js.br:1950
[  218183ms] [WARNING] WebSocket connection to 'wss://www.figma.com/api/multiplayer/fYwhBS4WdU21aEjBQKEGVl?role=viewerWithCpp&tracking_session_id=xSajqkiEKb1tfU6u&version=152&recentReload=0&file-load-streaming-compression&client_release=29e500cedf3ecfec196af409505d772d2eca65a3' failed: WebSocket is closed before the connection is established. @ https://www.figma.com/design/fYwhBS4WdU21aEjBQKEGVl/Julio-Coraspe-Lumn?embed-host=share&kind=file&node-id=0-1&page-selector=1&theme=light&version=2&viewer=1:456
[  218215ms] [ERROR] Failed to load resource: the server responded with a status of 401 () @ https://www.figma.com/api/statsig/v1_ruleset:0
[  218216ms] [ERROR] Failed to fetch v1 ruleset: G: XHR for "/api/statsig/v1_ruleset" failed with status 401
    at H (https://www.figma.com/webpack-artifacts/assets/embed_viewer-18a09e58c27e80c8.min.js.br:1799:17354)
    at async Object.K [as get] (https://www.figma.com/webpack-artifacts/assets/embed_viewer-18a09e58c27e80c8.min.js.br:1799:17751)
    at async https://www.figma.com/webpack-artifacts/assets/embed_viewer-18a09e58c27e80c8.min.js.br:1748:150058
    at async w.validate (https://www.figma.com/webpack-artifacts/assets/embed_viewer-18a09e58c27e80c8.min.js.br:1779:2471)
    at async N (https://www.figma.com/webpack-artifacts/assets/embed_viewer-18a09e58c27e80c8.min.js.br:1777:146043)
    at async O (https://www.figma.com/webpack-artifacts/assets/embed_viewer-18a09e58c27e80c8.min.js.br:1777:145247)
    at async Object.write (https://www.figma.com/webpack-artifacts/assets/embed_viewer-18a09e58c27e80c8.min.js.br:1777:144866) @ https://www.figma.com/webpack-artifacts/assets/embed_viewer-18a09e58c27e80c8.min.js.br:1950
[  218342ms] [INFO] [Fullscreen] Booting... (emscripten version 4.0.21) @ https://www.figma.com/webpack-artifacts/assets/embed_viewer-18a09e58c27e80c8.min.js.br:1950
[  218378ms] [INFO] [GPU] graphicsAPI:"WebGL 2", vendor:"Google Inc. (Apple)", renderer:"ANGLE (Apple, ANGLE Metal Renderer: Apple M3 Max, Unspecified Version)" version:"OpenGL ES 3.0 (WebGL 2.0 (OpenGL ES 3.0 Chromium))" @ https://www.figma.com/webpack-artifacts/assets/embed_viewer-18a09e58c27e80c8.min.js.br:1950
[  218379ms] [LOG] [Fullscreen] Mobile File Viewer Ready in 186.4ms @ https://www.figma.com/webpack-artifacts/assets/embed_viewer-18a09e58c27e80c8.min.js.br:1950
[  218394ms] [INFO] [MultiplayerSession] connecting to wss://www.figma.com/api/multiplayer/fYwhBS4WdU21aEjBQKEGVl?role=viewerWithCpp&tracking_session_id=xSajqkiEKb1tfU6u&version=152&recentReload=0&file-load-streaming-compression&scenegraph-queries-initial-nodes=0:1&client_release=29e500cedf3ecfec196af409505d772d2eca65a3 @ https://www.figma.com/webpack-artifacts/assets/embed_viewer-18a09e58c27e80c8.min.js.br:1950
[  218395ms] [LOG] Finished initializing mobile cpp viewer design @ https://www.figma.com/webpack-artifacts/assets/embed_viewer-18a09e58c27e80c8.min.js.br:1950
[  218874ms] [INFO] [MultiplayerSession] Joining file version 106 (initial load) @ https://www.figma.com/webpack-artifacts/assets/embed_viewer-18a09e58c27e80c8.min.js.br:1950
[  219016ms] [INFO] afterJoinEnd PageSyncing: Loaded incrementally {loaded_pages: 0:1} @ https://www.figma.com/webpack-artifacts/assets/embed_viewer-18a09e58c27e80c8.min.js.br:1950
[  270696ms] Failed to parse import map: invalid JSON
[  278907ms] [ERROR] Error: <path> attribute d: Expected moveto path command ('M' or 'm'), "undefined". @ https://juliocoraspe.github.io/Milo/assets/index-MylASv9j.js:47
[  278907ms] [ERROR] Error: <path> attribute d: Expected moveto path command ('M' or 'm'), "undefined". @ https://juliocoraspe.github.io/Milo/assets/index-MylASv9j.js:47
[  278907ms] [ERROR] Error: <path> attribute d: Expected moveto path command ('M' or 'm'), "undefined". @ https://juliocoraspe.github.io/Milo/assets/index-MylASv9j.js:47
[  280569ms] [ERROR] Error: <path> attribute d: Expected moveto path command ('M' or 'm'), "undefined". @ https://juliocoraspe.github.io/Milo/assets/index-MylASv9j.js:47
[  280569ms] [ERROR] Error: <path> attribute d: Expected moveto path command ('M' or 'm'), "undefined". @ https://juliocoraspe.github.io/Milo/assets/index-MylASv9j.js:47
[  280569ms] [ERROR] Error: <path> attribute d: Expected moveto path command ('M' or 'm'), "undefined". @ https://juliocoraspe.github.io/Milo/assets/index-MylASv9j.js:47
[   77119ms] [WARNING] WebSocket connection to 'wss://www.figma.com/api/multiplayer/fYwhBS4WdU21aEjBQKEGVl?role=viewerWithCpp&tracking_session_id=yRmdiRj2UKJTnMl5&version=152&recentReload=0&file-load-streaming-compression&client_release=29e500cedf3ecfec196af409505d772d2eca65a3' failed: WebSocket is closed before the connection is established. @ https://www.figma.com/design/fYwhBS4WdU21aEjBQKEGVl/Julio-Coraspe-Lumn?embed-host=share&kind=file&node-id=0-1&page-selector=1&theme=light&version=2&viewer=1:456
[   77177ms] [ERROR] Failed to load resource: the server responded with a status of 401 () @ https://www.figma.com/api/statsig/v1_ruleset:0
[   94686ms] [WARNING] WebSocket connection to 'wss://www.figma.com/api/multiplayer/LvTMFtH8K3zEHuvjDHNDUa?role=viewerWithCpp&tracking_session_id=U2mM157Pywr6QusD&version=152&recentReload=0&file-load-streaming-compression&client_release=29e500cedf3ecfec196af409505d772d2eca65a3' failed: WebSocket is closed before the connection is established. @ https://www.figma.com/slides/LvTMFtH8K3zEHuvjDHNDUa/To-Do-App-%E2%80%94-Interaction---System-Validation?embed-host=share&kind=file&node-id=1-106&page-selector=1&theme=light&version=2&viewer=1:456
[   94725ms] [ERROR] Failed to load resource: the server responded with a status of 401 () @ https://www.figma.com/api/statsig/v1_ruleset:0
[   97899ms] [WARNING] WebSocket connection to 'wss://www.figma.com/api/multiplayer/j53F6cGj6FfpQISnyeSRMd?role=viewerWithCpp&tracking_session_id=PR93ENuGjHm37N9U&version=152&recentReload=0&file-load-streaming-compression&client_release=29e500cedf3ecfec196af409505d772d2eca65a3' failed: WebSocket is closed before the connection is established. @ https://www.figma.com/design/j53F6cGj6FfpQISnyeSRMd/STILLEN-by-Julio-Coraspe?embed-host=share&kind=file&node-id=277-5077&page-selector=1&theme=light&version=2&viewer=1:456
[   97936ms] [ERROR] Failed to load resource: the server responded with a status of 401 () @ https://www.figma.com/api/statsig/v1_ruleset:0
[  108404ms] [WARNING] WebSocket connection to 'wss://www.figma.com/api/multiplayer/JIjE307GOTQI96gbCzj0N0?role=viewerWithCpp&tracking_session_id=yqhx6EuzC1jHSKvq&version=152&recentReload=0&file-load-streaming-compression&client_release=29e500cedf3ecfec196af409505d772d2eca65a3' failed: WebSocket is closed before the connection is established. @ https://www.figma.com/design/JIjE307GOTQI96gbCzj0N0/Milo?embed-host=share&kind=file&node-id=0-1&page-selector=1&theme=light&version=2&viewer=1:456
[  108606ms] [ERROR] Failed to load resource: the server responded with a status of 401 () @ https://www.figma.com/api/statsig/v1_ruleset:0
[  218183ms] [WARNING] WebSocket connection to 'wss://www.figma.com/api/multiplayer/fYwhBS4WdU21aEjBQKEGVl?role=viewerWithCpp&tracking_session_id=xSajqkiEKb1tfU6u&version=152&recentReload=0&file-load-streaming-compression&client_release=29e500cedf3ecfec196af409505d772d2eca65a3' failed: WebSocket is closed before the connection is established. @ https://www.figma.com/design/fYwhBS4WdU21aEjBQKEGVl/Julio-Coraspe-Lumn?embed-host=share&kind=file&node-id=0-1&page-selector=1&theme=light&version=2&viewer=1:456
[  218215ms] [ERROR] Failed to load resource: the server responded with a status of 401 () @ https://www.figma.com/api/statsig/v1_ruleset:0
[  281535ms] [LOG] Running frontend commit 29e500cedf3ecfec196af409505d772d2eca65a3 @ https://www.figma.com/embed/interstitial?embed_host=share&embed_path=%2Fdesign%2FJIjE307GOTQI96gbCzj0N0%2FMilo%3Fembed-host%3Dshare%26kind%3Dfile%26node-id%3D0-1%26page-selector%3D1%26theme%3Dlight%26version%3D2%26viewer%3D1&theme=light&version=2:448
[  282114ms] [LOG] Reloading the embed... reason: refreshOnReadyForEmbed @ https://www.figma.com/webpack-artifacts/assets/embed_interstitial-a54c01771fc378f0.min.js.br:85
