[   14952ms] [INFO] %cDownload the React DevTools for a better development experience: https://reactjs.org/link/react-devtools font-weight:bold @ http://localhost:5173/node_modules/.vite/deps/chunk-YQ5BCTVV.js?v=5398434d:21608
[   15119ms] [WARNING] Please ensure that the container has a non-static position, like 'relative', 'fixed', or 'absolute' to ensure scroll offset is calculated correctly. @ http://localhost:5173/node_modules/.vite/deps/chunk-JA7CUYV3.js?v=5398434d:139
[  127976ms] [INFO] %cDownload the React DevTools for a better development experience: https://reactjs.org/link/react-devtools font-weight:bold @ http://localhost:5173/node_modules/.vite/deps/chunk-YQ5BCTVV.js?v=5398434d:21608
[  128140ms] [WARNING] Please ensure that the container has a non-static position, like 'relative', 'fixed', or 'absolute' to ensure scroll offset is calculated correctly. @ http://localhost:5173/node_modules/.vite/deps/chunk-JA7CUYV3.js?v=5398434d:139
[  506128ms] [ERROR] Error: <circle> attribute r: Expected length, "undefined". @ http://localhost:5173/node_modules/.vite/deps/chunk-JA7CUYV3.js?v=5398434d:6032
[  506128ms] [ERROR] Error: <circle> attribute r: Expected length, "undefined". @ http://localhost:5173/node_modules/.vite/deps/chunk-JA7CUYV3.js?v=5398434d:6032
[  506128ms] [ERROR] Error: <circle> attribute r: Expected length, "undefined". @ http://localhost:5173/node_modules/.vite/deps/chunk-JA7CUYV3.js?v=5398434d:6032
[  506128ms] [ERROR] Error: <circle> attribute r: Expected length, "undefined". @ http://localhost:5173/node_modules/.vite/deps/chunk-JA7CUYV3.js?v=5398434d:6032
[  506129ms] [ERROR] Error: <circle> attribute r: Expected length, "undefined". @ http://localhost:5173/node_modules/.vite/deps/chunk-JA7CUYV3.js?v=5398434d:6032
[  506129ms] [ERROR] Error: <circle> attribute r: Expected length, "undefined". @ http://localhost:5173/node_modules/.vite/deps/chunk-JA7CUYV3.js?v=5398434d:6032
[  506129ms] [ERROR] Error: <circle> attribute r: Expected length, "undefined". @ http://localhost:5173/node_modules/.vite/deps/chunk-JA7CUYV3.js?v=5398434d:6032
[  506129ms] [ERROR] Error: <circle> attribute r: Expected length, "undefined". @ http://localhost:5173/node_modules/.vite/deps/chunk-JA7CUYV3.js?v=5398434d:6032
[  506129ms] [ERROR] Error: <circle> attribute r: Expected length, "undefined". @ http://localhost:5173/node_modules/.vite/deps/chunk-JA7CUYV3.js?v=5398434d:6032
[  506129ms] [ERROR] Error: <circle> attribute r: Expected length, "undefined". @ http://localhost:5173/node_modules/.vite/deps/chunk-JA7CUYV3.js?v=5398434d:6032
[  506129ms] [ERROR] Error: <circle> attribute r: Expected length, "undefined". @ http://localhost:5173/node_modules/.vite/deps/chunk-JA7CUYV3.js?v=5398434d:6032
[  506129ms] [ERROR] Error: <circle> attribute r: Expected length, "undefined". @ http://localhost:5173/node_modules/.vite/deps/chunk-JA7CUYV3.js?v=5398434d:6032
[  506129ms] [ERROR] Error: <circle> attribute r: Expected length, "undefined". @ http://localhost:5173/node_modules/.vite/deps/chunk-JA7CUYV3.js?v=5398434d:6032
[  506129ms] [ERROR] Error: <circle> attribute r: Expected length, "undefined". @ http://localhost:5173/node_modules/.vite/deps/chunk-JA7CUYV3.js?v=5398434d:6032
[  506129ms] [ERROR] Error: <circle> attribute r: Expected length, "undefined". @ http://localhost:5173/node_modules/.vite/deps/chunk-JA7CUYV3.js?v=5398434d:6032
[  506129ms] [ERROR] Error: <circle> attribute r: Expected length, "undefined". @ http://localhost:5173/node_modules/.vite/deps/chunk-JA7CUYV3.js?v=5398434d:6032
